Archive member included because of file (symbol)

/home/thanhtruong/workspace/toolchain/gcc-arm-none-eabi-4_8-2014q2/bin/../lib/gcc/arm-none-eabi/4.8.4/../../../../arm-none-eabi/lib/armv7-m/libg_s.a(lib_a-atoi.o)
                              ./Libraries/Ethernet/src/websrv_help_functions.o (atoi)
/home/thanhtruong/workspace/toolchain/gcc-arm-none-eabi-4_8-2014q2/bin/../lib/gcc/arm-none-eabi/4.8.4/../../../../arm-none-eabi/lib/armv7-m/libg_s.a(lib_a-ctype_.o)
                              ./Libraries/Ethernet/src/websrv_help_functions.o (__ctype_ptr__)
/home/thanhtruong/workspace/toolchain/gcc-arm-none-eabi-4_8-2014q2/bin/../lib/gcc/arm-none-eabi/4.8.4/../../../../arm-none-eabi/lib/armv7-m/libg_s.a(lib_a-errno.o)
                              ./system/src/newlib/_sbrk.o (__errno)
/home/thanhtruong/workspace/toolchain/gcc-arm-none-eabi-4_8-2014q2/bin/../lib/gcc/arm-none-eabi/4.8.4/../../../../arm-none-eabi/lib/armv7-m/libg_s.a(lib_a-fwrite.o)
                              ./src/main.o (fwrite)
/home/thanhtruong/workspace/toolchain/gcc-arm-none-eabi-4_8-2014q2/bin/../lib/gcc/arm-none-eabi/4.8.4/../../../../arm-none-eabi/lib/armv7-m/libg_s.a(lib_a-impure.o)
                              ./src/main.o (_impure_ptr)
/home/thanhtruong/workspace/toolchain/gcc-arm-none-eabi-4_8-2014q2/bin/../lib/gcc/arm-none-eabi/4.8.4/../../../../arm-none-eabi/lib/armv7-m/libg_s.a(lib_a-memset.o)
                              ./Libraries/Ethernet/src/dhcp.o (memset)
/home/thanhtruong/workspace/toolchain/gcc-arm-none-eabi-4_8-2014q2/bin/../lib/gcc/arm-none-eabi/4.8.4/../../../../arm-none-eabi/lib/armv7-m/libg_s.a(lib_a-puts.o)
                              ./src/main.o (puts)
/home/thanhtruong/workspace/toolchain/gcc-arm-none-eabi-4_8-2014q2/bin/../lib/gcc/arm-none-eabi/4.8.4/../../../../arm-none-eabi/lib/armv7-m/libg_s.a(lib_a-rand.o)
                              ./Libraries/Ethernet/src/dhcp.o (srand)
/home/thanhtruong/workspace/toolchain/gcc-arm-none-eabi-4_8-2014q2/bin/../lib/gcc/arm-none-eabi/4.8.4/../../../../arm-none-eabi/lib/armv7-m/libg_s.a(lib_a-sprintf.o)
                              ./Libraries/Ethernet/src/ip_arp_udp_tcp.o (sprintf)
/home/thanhtruong/workspace/toolchain/gcc-arm-none-eabi-4_8-2014q2/bin/../lib/gcc/arm-none-eabi/4.8.4/../../../../arm-none-eabi/lib/armv7-m/libg_s.a(lib_a-strlen.o)
                              ./system/src/diag/Trace.o (strlen)
/home/thanhtruong/workspace/toolchain/gcc-arm-none-eabi-4_8-2014q2/bin/../lib/gcc/arm-none-eabi/4.8.4/../../../../arm-none-eabi/lib/armv7-m/libg_s.a(lib_a-strncmp.o)
                              ./src/main.o (strncmp)
/home/thanhtruong/workspace/toolchain/gcc-arm-none-eabi-4_8-2014q2/bin/../lib/gcc/arm-none-eabi/4.8.4/../../../../arm-none-eabi/lib/armv7-m/libg_s.a(lib_a-strtol.o)
                              /home/thanhtruong/workspace/toolchain/gcc-arm-none-eabi-4_8-2014q2/bin/../lib/gcc/arm-none-eabi/4.8.4/../../../../arm-none-eabi/lib/armv7-m/libg_s.a(lib_a-atoi.o) (_strtol_r)
/home/thanhtruong/workspace/toolchain/gcc-arm-none-eabi-4_8-2014q2/bin/../lib/gcc/arm-none-eabi/4.8.4/../../../../arm-none-eabi/lib/armv7-m/libg_s.a(lib_a-svfprintf.o)
                              /home/thanhtruong/workspace/toolchain/gcc-arm-none-eabi-4_8-2014q2/bin/../lib/gcc/arm-none-eabi/4.8.4/../../../../arm-none-eabi/lib/armv7-m/libg_s.a(lib_a-sprintf.o) (_svfprintf_r)
/home/thanhtruong/workspace/toolchain/gcc-arm-none-eabi-4_8-2014q2/bin/../lib/gcc/arm-none-eabi/4.8.4/../../../../arm-none-eabi/lib/armv7-m/libg_s.a(lib_a-vfprintf_i.o)
                              /home/thanhtruong/workspace/toolchain/gcc-arm-none-eabi-4_8-2014q2/bin/../lib/gcc/arm-none-eabi/4.8.4/../../../../arm-none-eabi/lib/armv7-m/libg_s.a(lib_a-svfprintf.o) (_printf_i)
/home/thanhtruong/workspace/toolchain/gcc-arm-none-eabi-4_8-2014q2/bin/../lib/gcc/arm-none-eabi/4.8.4/../../../../arm-none-eabi/lib/armv7-m/libg_s.a(lib_a-vsnprintf.o)
                              ./system/src/diag/Trace.o (vsnprintf)
/home/thanhtruong/workspace/toolchain/gcc-arm-none-eabi-4_8-2014q2/bin/../lib/gcc/arm-none-eabi/4.8.4/../../../../arm-none-eabi/lib/armv7-m/libg_s.a(lib_a-wbuf.o)
                              /home/thanhtruong/workspace/toolchain/gcc-arm-none-eabi-4_8-2014q2/bin/../lib/gcc/arm-none-eabi/4.8.4/../../../../arm-none-eabi/lib/armv7-m/libg_s.a(lib_a-fwrite.o) (__swbuf_r)
/home/thanhtruong/workspace/toolchain/gcc-arm-none-eabi-4_8-2014q2/bin/../lib/gcc/arm-none-eabi/4.8.4/../../../../arm-none-eabi/lib/armv7-m/libg_s.a(lib_a-wsetup.o)
                              /home/thanhtruong/workspace/toolchain/gcc-arm-none-eabi-4_8-2014q2/bin/../lib/gcc/arm-none-eabi/4.8.4/../../../../arm-none-eabi/lib/armv7-m/libg_s.a(lib_a-fwrite.o) (__swsetup_r)
/home/thanhtruong/workspace/toolchain/gcc-arm-none-eabi-4_8-2014q2/bin/../lib/gcc/arm-none-eabi/4.8.4/../../../../arm-none-eabi/lib/armv7-m/libg_s.a(lib_a-fflush.o)
[...]
Memory Configuration

Name             Origin             Length             Attributes
RAM              0x20000000         0x00005000         xrw
CCMRAM           0x00000000         0x00000000         xrw
FLASH            0x08000000         0x00010000         xr
FLASHB1          0x00000000         0x00000000         xr
EXTMEMB0         0x00000000         0x00000000         xr
EXTMEMB1         0x00000000         0x00000000         xr
EXTMEMB2         0x00000000         0x00000000         xr
EXTMEMB3         0x00000000         0x00000000         xr
MEMORY_ARRAY     0x00000000         0x00000000         xrw
*default*        0x00000000         0xffffffff

Linker script and memory map

LOAD ./system/src/stm32f1-stdperiph/misc.o
LOAD ./system/src/stm32f1-stdperiph/stm32f10x_adc.o
LOAD ./system/src/stm32f1-stdperiph/stm32f10x_bkp.o
LOAD ./system/src/stm32f1-stdperiph/stm32f10x_can.o
LOAD ./system/src/stm32f1-stdperiph/stm32f10x_cec.o
LOAD ./system/src/stm32f1-stdperiph/stm32f10x_crc.o
LOAD ./system/src/stm32f1-stdperiph/stm32f10x_dac.o
LOAD ./system/src/stm32f1-stdperiph/stm32f10x_dbgmcu.o
LOAD ./system/src/stm32f1-stdperiph/stm32f10x_dma.o
LOAD ./system/src/stm32f1-stdperiph/stm32f10x_exti.o
LOAD ./system/src/stm32f1-stdperiph/stm32f10x_flash.o
LOAD ./system/src/stm32f1-stdperiph/stm32f10x_fsmc.o
LOAD ./system/src/stm32f1-stdperiph/stm32f10x_gpio.o
LOAD ./system/src/stm32f1-stdperiph/stm32f10x_i2c.o
LOAD ./system/src/stm32f1-stdperiph/stm32f10x_iwdg.o
LOAD ./system/src/stm32f1-stdperiph/stm32f10x_pwr.o
LOAD ./system/src/stm32f1-stdperiph/stm32f10x_rcc.o
LOAD ./system/src/stm32f1-stdperiph/stm32f10x_rtc.o
LOAD ./system/src/stm32f1-stdperiph/stm32f10x_sdio.o
LOAD ./system/src/stm32f1-stdperiph/stm32f10x_spi.o
LOAD ./system/src/stm32f1-stdperiph/stm32f10x_tim.o
LOAD ./system/src/stm32f1-stdperiph/stm32f10x_usart.o
LOAD ./system/src/stm32f1-stdperiph/stm32f10x_wwdg.o
LOAD ./system/src/newlib/_cxx.o
LOAD ./system/src/newlib/_exit.o
LOAD ./system/src/newlib/_sbrk.o
LOAD ./system/src/newlib/_startup.o
LOAD ./system/src/newlib/_syscalls.o
LOAD ./system/src/newlib/_write.o
LOAD ./system/src/newlib/assert.o
LOAD ./system/src/diag/Trace.o
LOAD ./system/src/diag/trace_impl.o
LOAD ./system/src/cortexm/_initialize_hardware.o
LOAD ./system/src/cortexm/_reset_hardware.o
LOAD ./system/src/cortexm/exception_handlers.o
LOAD ./system/src/cmsis/system_stm32f10x.o
LOAD ./system/src/cmsis/vectors_stm32f10x.o
LOAD ./src/BlinkLed.o
LOAD ./src/Timer.o
LOAD ./src/main.o
LOAD ./Libraries/Ethernet/src/EtherShield.o
LOAD ./Libraries/Ethernet/src/dhcp.o
LOAD ./Libraries/Ethernet/src/dnslkup.o
LOAD ./Libraries/Ethernet/src/enc28j60.o
LOAD ./Libraries/Ethernet/src/ip_arp_udp_tcp.o
LOAD ./Libraries/Ethernet/src/websrv_help_functions.o
LOAD ./Libraries/Delay/Delay.o
LOAD /home/thanhtruong/workspace/toolchain/gcc-arm-none-eabi-4_8-2014q2/bin/../lib/gcc/arm-none-eabi/4.8.4/../../../../arm-none-eabi/lib/armv7-m/libstdc++_s.a
LOAD /home/thanhtruong/workspace/toolchain/gcc-arm-none-eabi-4_8-2014q2/bin/../lib/gcc/arm-none-eabi/4.8.4/../../../../arm-none-eabi/lib/armv7-m/libm.a
START GROUP
LOAD /home/thanhtruong/workspace/toolchain/gcc-arm-none-eabi-4_8-2014q2/bin/../lib/gcc/arm-none-eabi/4.8.4/armv7-m/libgcc.a
LOAD /home/thanhtruong/workspace/toolchain/gcc-arm-none-eabi-4_8-2014q2/bin/../lib/gcc/arm-none-eabi/4.8.4/../../../../arm-none-eabi/lib/armv7-m/libg_s.a
LOAD /home/thanhtruong/workspace/toolchain/gcc-arm-none-eabi-4_8-2014q2/bin/../lib/gcc/arm-none-eabi/4.8.4/../../../../arm-none-eabi/lib/armv7-m/libc_s.a
END GROUP
START GROUP
LOAD /home/thanhtruong/workspace/toolchain/gcc-arm-none-eabi-4_8-2014q2/bin/../lib/gcc/arm-none-eabi/4.8.4/armv7-m/libgcc.a
LOAD /home/thanhtruong/workspace/toolchain/gcc-arm-none-eabi-4_8-2014q2/bin/../lib/gcc/arm-none-eabi/4.8.4/../../../../arm-none-eabi/lib/armv7-m/libc_s.a
END GROUP
                0x20005000                __stack = (ORIGIN (RAM) + 0x5000)
                0x20005000                _estack = __stack
                0x00000400                __Main_Stack_Size = 0x400
                0x00000400                PROVIDE (_Main_Stack_Size, __Main_Stack_Size)
                0x20004c00                __Main_Stack_Limit = (__stack - __Main_Stack_Size)
                0x20004c00                PROVIDE (_Main_Stack_Limit, __Main_Stack_Limit)
                0x00000100                _Minimum_Stack_Size = 0x100
                0x20000400                PROVIDE (_Heap_Begin, _end_noinit)
                0x20004c00                PROVIDE (_Heap_Limit, (__stack - __Main_Stack_Size))

.isr_vector     0x08000000      0x248
                0x08000000                . = ALIGN (0x4)
 *(.isr_vector)
 .isr_vector    0x08000000      0x10c ./system/src/cmsis/vectors_stm32f10x.o
                0x08000000                __isr_vectors
 *(.cfmconfig)
 *(.after_vectors .after_vectors.*)
 .after_vectors
                0x0800010c      0x10c ./system/src/newlib/_startup.o
                0x0800010c                _start
 .after_vectors
                0x08000218       0x2c ./system/src/cortexm/exception_handlers.o
                0x08000218                Reset_Handler
                0x08000220                NMI_Handler
                0x08000224                HardFault_Handler
                0x08000228                MemManage_Handler
                0x0800022c                BusFault_Handler
                0x08000230                UsageFault_Handler
                0x08000234                SVC_Handler
                0x08000238                DebugMon_Handler
                0x0800023c                PendSV_Handler
 .after_vectors
                0x08000244        0x4 ./system/src/cmsis/vectors_stm32f10x.o
                0x08000244                EXTI2_IRQHandler
                0x08000244                TIM8_TRG_COM_IRQHandler
                0x08000244                TIM8_CC_IRQHandler
                0x08000244                TIM1_CC_IRQHandler
                0x08000244                TIM6_IRQHandler
                0x08000244                PVD_IRQHandler
                0x08000244                SDIO_IRQHandler
                0x08000244                CAN2_RX1_IRQHandler
                0x08000244                EXTI3_IRQHandler
                0x08000244                TIM8_TRG_COM_TIM14_IRQHandler
                0x08000244                TIM1_UP_TIM10_IRQHandler
                0x08000244                TIM8_UP_TIM13_IRQHandler
                0x08000244                EXTI0_IRQHandler
                0x08000244                I2C2_EV_IRQHandler
                0x08000244                CAN1_RX0_IRQHandler
                0x08000244                TIM1_UP_TIM16_IRQHandler
                0x08000244                CAN2_SCE_IRQHandler
                0x08000244                ADC1_2_IRQHandler
                0x08000244                SPI1_IRQHandler
                0x08000244                TAMPER_IRQHandler
                0x08000244                TIM6_DAC_IRQHandler
                0x08000244                TIM1_BRK_TIM9_IRQHandler
                0x08000244                CAN2_RX0_IRQHandler
                0x08000244                TIM8_UP_IRQHandler
                0x08000244                DMA2_Channel2_IRQHandler
                0x08000244                DMA1_Channel4_IRQHandler
                0x08000244                USART3_IRQHandler
                0x08000244                RTC_IRQHandler
                0x08000244                DMA1_Channel7_IRQHandler
                0x08000244                CAN1_RX1_IRQHandler
                0x08000244                UART5_IRQHandler
                0x08000244                ADC3_IRQHandler
                0x08000244                TIM4_IRQHandler
                0x08000244                DMA2_Channel1_IRQHandler
                0x08000244                I2C1_EV_IRQHandler
                0x08000244                DMA1_Channel6_IRQHandler
                0x08000244                UART4_IRQHandler
                0x08000244                DMA2_Channel4_IRQHandler
                0x08000244                TIM3_IRQHandler
                0x08000244                RCC_IRQHandler
                0x08000244                TIM8_BRK_TIM12_IRQHandler
                0x08000244                TIM1_TRG_COM_IRQHandler
                0x08000244                DMA1_Channel1_IRQHandler
                0x08000244                Default_Handler
                0x08000244                CEC_IRQHandler
                0x08000244                EXTI15_10_IRQHandler
                0x08000244                TIM14_IRQHandler
                0x08000244                TIM13_IRQHandler
                0x08000244                TIM12_IRQHandler
                0x08000244                TIM7_IRQHandler
                0x08000244                CAN2_TX_IRQHandler
                0x08000244                TIM5_IRQHandler
                0x08000244                EXTI9_5_IRQHandler
                0x08000244                ETH_WKUP_IRQHandler
                0x08000244                SPI2_IRQHandler
                0x08000244                CAN1_TX_IRQHandler
                0x08000244                DMA2_Channel5_IRQHandler
                0x08000244                DMA1_Channel5_IRQHandler
                0x08000244                EXTI4_IRQHandler
                0x08000244                USB_LP_CAN1_RX0_IRQHandler
                0x08000244                TIM1_TRG_COM_TIM17_IRQHandler
                0x08000244                USB_HP_CAN1_TX_IRQHandler
                0x08000244                DMA1_Channel3_IRQHandler
                0x08000244                FSMC_IRQHandler
                0x08000244                ETH_IRQHandler
                0x08000244                TIM1_UP_IRQHandler
                0x08000244                WWDG_IRQHandler
                0x08000244                TIM2_IRQHandler
                0x08000244                OTG_FS_WKUP_IRQHandler
                0x08000244                TIM1_TRG_COM_TIM11_IRQHandler
                0x08000244                TIM1_BRK_IRQHandler
                0x08000244                EXTI1_IRQHandler
                0x08000244                RTCAlarm_IRQHandler
                0x08000244                DMA2_Channel4_5_IRQHandler
                0x08000244                USART2_IRQHandler
                0x08000244                I2C2_ER_IRQHandler
                0x08000244                DMA1_Channel2_IRQHandler
                0x08000244                TIM8_BRK_IRQHandler
                0x08000244                CAN1_SCE_IRQHandler
                0x08000244                FLASH_IRQHandler
                0x08000244                USART1_IRQHandler
                0x08000244                OTG_FS_IRQHandler
                0x08000244                SPI3_IRQHandler
                0x08000244                I2C1_ER_IRQHandler
                0x08000244                USBWakeUp_IRQHandler
                0x08000244                DMA2_Channel3_IRQHandler
                0x08000244                TIM1_BRK_TIM15_IRQHandler
                0x08000248                . = ALIGN (0x4)

.inits          0x08000248        0x0
                0x08000248                . = ALIGN (0x4)
 *(.init)
 *(.fini)
                0x08000248                . = ALIGN (0x4)
                0x08000248                PROVIDE (__preinit_array_start, .)
 *(.preinit_array_sysinit .preinit_array_sysinit.*)
 *(.preinit_array_platform .preinit_array_platform.*)
 *(.preinit_array .preinit_array.*)
                0x08000248                PROVIDE (__preinit_array_end, .)
                0x08000248                . = ALIGN (0x4)
                0x08000248                PROVIDE (__init_array_start, .)
 *(SORT(.init_array.*))
 *(.init_array)
                0x08000248                PROVIDE (__init_array_end, .)
                0x08000248                . = ALIGN (0x4)
                0x08000248                PROVIDE (__fini_array_start, .)
 *(SORT(.fini_array.*))
 *(.fini_array)
                0x08000248                PROVIDE (__fini_array_end, .)
                0x08000248                . = ALIGN (0x4)

.flashtext      0x08000248        0x0
                0x08000248                . = ALIGN (0x4)
 *(.flashtext .flashtext.*)
                0x08000248                . = ALIGN (0x4)

.text           0x08000248     0x3bec
                0x08000248                . = ALIGN (0x4)
 *(.text .text.*)
 .text.FLASH_SetLatency
                0x08000248       0x28 ./system/src/stm32f1-stdperiph/stm32f10x_flash.o
                0x08000248                FLASH_SetLatency
 .text.FLASH_PrefetchBufferCmd
                0x08000270       0x30 ./system/src/stm32f1-stdperiph/stm32f10x_flash.o
                0x08000270                FLASH_PrefetchBufferCmd
 .text.GPIO_Init
                0x080002a0      0x138 ./system/src/stm32f1-stdperiph/stm32f10x_gpio.o
                0x080002a0                GPIO_Init
 .text.GPIO_SetBits
                0x080003d8       0x60 ./system/src/stm32f1-stdperiph/stm32f10x_gpio.o
                0x080003d8                GPIO_SetBits
 .text.GPIO_ResetBits
                0x08000438       0x60 ./system/src/stm32f1-stdperiph/stm32f10x_gpio.o
                0x08000438                GPIO_ResetBits
 .text.RCC_DeInit
                0x08000498       0x40 ./system/src/stm32f1-stdperiph/stm32f10x_rcc.o
                0x08000498                RCC_DeInit
 .text.RCC_HSEConfig
                0x080004d8       0x5c ./system/src/stm32f1-stdperiph/stm32f10x_rcc.o
                0x080004d8                RCC_HSEConfig
 .text.RCC_PLLConfig
                0x08000534       0x98 ./system/src/stm32f1-stdperiph/stm32f10x_rcc.o
                0x08000534                RCC_PLLConfig
 .text.RCC_PLLCmd
                0x080005cc       0x20 ./system/src/stm32f1-stdperiph/stm32f10x_rcc.o
                0x080005cc                RCC_PLLCmd
 .text.RCC_SYSCLKConfig
                0x080005ec       0x28 ./system/src/stm32f1-stdperiph/stm32f10x_rcc.o
                0x080005ec                RCC_SYSCLKConfig
 .text.RCC_GetSYSCLKSource
                0x08000614       0x10 ./system/src/stm32f1-stdperiph/stm32f10x_rcc.o
                0x08000614                RCC_GetSYSCLKSource
 .text.RCC_HCLKConfig
                0x08000624       0x48 ./system/src/stm32f1-stdperiph/stm32f10x_rcc.o
                0x08000624                RCC_HCLKConfig
 .text.RCC_PCLK1Config
                0x0800066c       0x40 ./system/src/stm32f1-stdperiph/stm32f10x_rcc.o
                0x0800066c                RCC_PCLK1Config
 .text.RCC_PCLK2Config
                0x080006ac       0x40 ./system/src/stm32f1-stdperiph/stm32f10x_rcc.o
                0x080006ac                RCC_PCLK2Config
 .text.RCC_GetClocksFreq
                0x080006ec       0xc0 ./system/src/stm32f1-stdperiph/stm32f10x_rcc.o
                0x080006ec                RCC_GetClocksFreq
 .text.RCC_APB2PeriphClockCmd
                0x080007ac       0x4c ./system/src/stm32f1-stdperiph/stm32f10x_rcc.o
                0x080007ac                RCC_APB2PeriphClockCmd
 .text.RCC_APB2PeriphResetCmd
                0x080007f8       0x4c ./system/src/stm32f1-stdperiph/stm32f10x_rcc.o
                0x080007f8                RCC_APB2PeriphResetCmd
 .text.RCC_APB1PeriphResetCmd
                0x08000844       0x4c ./system/src/stm32f1-stdperiph/stm32f10x_rcc.o
                0x08000844                RCC_APB1PeriphResetCmd
 .text.RCC_GetFlagStatus
                0x08000890       0x74 ./system/src/stm32f1-stdperiph/stm32f10x_rcc.o
                0x08000890                RCC_GetFlagStatus
 .text.RCC_WaitForHSEStartUp
                0x08000904       0x34 ./system/src/stm32f1-stdperiph/stm32f10x_rcc.o
                0x08000904                RCC_WaitForHSEStartUp
 .text.SPI_I2S_DeInit
                0x08000938       0x88 ./system/src/stm32f1-stdperiph/stm32f10x_spi.o
                0x08000938                SPI_I2S_DeInit
 .text.SPI_Init
                0x080009c0      0x12c ./system/src/stm32f1-stdperiph/stm32f10x_spi.o
                0x080009c0                SPI_Init
 .text.SPI_Cmd  0x08000aec       0x58 ./system/src/stm32f1-stdperiph/stm32f10x_spi.o
                0x08000aec                SPI_Cmd
 .text.SPI_I2S_SendData
                0x08000b44       0x34 ./system/src/stm32f1-stdperiph/stm32f10x_spi.o
                0x08000b44                SPI_I2S_SendData
 .text.SPI_I2S_ReceiveData
                0x08000b78       0x34 ./system/src/stm32f1-stdperiph/stm32f10x_spi.o
                0x08000b78                SPI_I2S_ReceiveData
 .text.SPI_I2S_GetFlagStatus
                0x08000bac       0x68 ./system/src/stm32f1-stdperiph/stm32f10x_spi.o
                0x08000bac                SPI_I2S_GetFlagStatus
 .text._exit    0x08000c14        0x4 ./system/src/newlib/_exit.o
                0x08000c14                _exit
 .text.abort    0x08000c18       0x14 ./system/src/newlib/_exit.o
                0x08000c18                abort
 .text._sbrk    0x08000c2c       0x44 ./system/src/newlib/_sbrk.o
                0x08000c2c                _sbrk
 .text.__initialize_args
                0x08000c70       0x10 ./system/src/newlib/_syscalls.o
                0x08000c70                __initialize_args
 .text._close   0x08000c80       0x10 ./system/src/newlib/_syscalls.o
                0x08000c80                _close
 .text._fstat   0x08000c90       0x10 ./system/src/newlib/_syscalls.o
                0x08000c90                _fstat
 .text._isatty  0x08000ca0       0x10 ./system/src/newlib/_syscalls.o
                0x08000ca0                _isatty
 .text._lseek   0x08000cb0       0x10 ./system/src/newlib/_syscalls.o
                0x08000cb0                _lseek
 .text._read    0x08000cc0       0x10 ./system/src/newlib/_syscalls.o
                0x08000cc0                _read
 .text._write   0x08000cd0       0x20 ./system/src/newlib/_write.o
                0x08000cd0                _write
 .text.assert_failed
                0x08000cf0       0x18 ./system/src/newlib/assert.o
                0x08000cf0                assert_failed
 .text.trace_printf
                0x08000d08       0x34 ./system/src/diag/Trace.o
                0x08000d08                trace_printf
 .text.trace_puts
                0x08000d3c       0x20 ./system/src/diag/Trace.o
                0x08000d3c                trace_puts
 .text._trace_write_itm
                0x08000d5c       0x3c ./system/src/diag/trace_impl.o
 .text.trace_write
                0x08000d98        0x8 ./system/src/diag/trace_impl.o
                0x08000d98                trace_write
 .text.__initialize_hardware
                0x08000da0        0x8 ./system/src/cortexm/_initialize_hardware.o
                0x08000da0                __initialize_hardware
 .text.SetSysClockTo72
                0x08000da8       0xc8 ./system/src/cmsis/system_stm32f10x.o
 .text.SetSysClock
                0x08000e70        0x8 ./system/src/cmsis/system_stm32f10x.o
 .text.SystemInit
                0x08000e78       0x50 ./system/src/cmsis/system_stm32f10x.o
                0x08000e78                SystemInit
 .text.timer_tick
                0x08000ec8       0x14 ./src/Timer.o
                0x08000ec8                timer_tick
 .text.SysTick_Handler
                0x08000edc        0x8 ./src/Timer.o
                0x08000edc                SysTick_Handler
 .text.RCC_Configuration
                0x08000ee4       0x64 ./src/main.o
                0x08000ee4                RCC_Configuration
 .text.http200ok
                0x08000f48       0x18 ./src/main.o
                0x08000f48                http200ok
 .text.print_webpage
                0x08000f60       0x6c ./src/main.o
                0x08000f60                print_webpage
 .text.print_webpage2
                0x08000fcc       0x60 ./src/main.o
                0x08000fcc                print_webpage2
 .text.main     0x0800102c      0x180 ./src/main.o
                0x0800102c                main
 .text.ES_PingCallback
                0x080011ac        0x4 ./src/main.o
                0x080011ac                ES_PingCallback
 .text.ES_enc28j60SpiInit
                0x080011b0        0x8 ./Libraries/Ethernet/src/EtherShield.o
                0x080011b0                ES_enc28j60SpiInit
 .text.ES_enc28j60Init
                0x080011b8       0x58 ./Libraries/Ethernet/src/EtherShield.o
                0x080011b8                ES_enc28j60Init
 .text.ES_enc28j60Revision
                0x08001210        0x8 ./Libraries/Ethernet/src/EtherShield.o
                0x08001210                ES_enc28j60Revision
 .text.ES_enc28j60PacketReceive
                0x08001218        0x8 ./Libraries/Ethernet/src/EtherShield.o
                0x08001218                ES_enc28j60PacketReceive
 .text.ES_packetloop_icmp_tcp
                0x08001220        0x8 ./Libraries/Ethernet/src/EtherShield.o
                0x08001220                ES_packetloop_icmp_tcp
 .text.ES_fill_tcp_data
                0x08001228        0x8 ./Libraries/Ethernet/src/EtherShield.o
                0x08001228                ES_fill_tcp_data
 .text.ES_www_server_reply
                0x08001230        0x8 ./Libraries/Ethernet/src/EtherShield.o
                0x08001230                ES_www_server_reply
 .text.allocateIPAddress
                0x08001238       0xc0 ./Libraries/Ethernet/src/EtherShield.o
                0x08001238                allocateIPAddress
 .text.addToBuf
                0x080012f8       0x10 ./Libraries/Ethernet/src/dhcp.o
 .text.dhcp_state
                0x08001308       0x34 ./Libraries/Ethernet/src/dhcp.o
                0x08001308                dhcp_state
 .text.dhcp_send
                0x0800133c      0x1d8 ./Libraries/Ethernet/src/dhcp.o
                0x0800133c                dhcp_send
 .text.dhcp_start
                0x08001514       0xbc ./Libraries/Ethernet/src/dhcp.o
                0x08001514                dhcp_start
 .text.dhcp_request_ip
                0x080015d0       0x14 ./Libraries/Ethernet/src/dhcp.o
                0x080015d0                dhcp_request_ip
 .text.have_dhcpoffer
                0x080015e4       0xd4 ./Libraries/Ethernet/src/dhcp.o
                0x080015e4                have_dhcpoffer
 .text.have_dhcpack
                0x080016b8       0x20 ./Libraries/Ethernet/src/dhcp.o
                0x080016b8                have_dhcpack
 .text.check_for_dhcp_answer
                0x080016d8       0x60 ./Libraries/Ethernet/src/dhcp.o
                0x080016d8                check_for_dhcp_answer
 .text.dnslkup_set_dnsip
                0x08001738       0x18 ./Libraries/Ethernet/src/dnslkup.o
                0x08001738                dnslkup_set_dnsip
 .text.ENC28J60_SPI1_Configuration
                0x08001750       0xac ./Libraries/Ethernet/src/enc28j60.o
                0x08001750                ENC28J60_SPI1_Configuration
 .text.ENC28J60_SendByte
                0x080017fc       0x3c ./Libraries/Ethernet/src/enc28j60.o
                0x080017fc                ENC28J60_SendByte
 .text.enc28j60ReadOp
                0x08001838       0x4c ./Libraries/Ethernet/src/enc28j60.o
                0x08001838                enc28j60ReadOp
 .text.enc28j60WriteOp
                0x08001884       0x3c ./Libraries/Ethernet/src/enc28j60.o
                0x08001884                enc28j60WriteOp
 .text.enc28j60ReadBuffer
                0x080018c0       0x50 ./Libraries/Ethernet/src/enc28j60.o
                0x080018c0                enc28j60ReadBuffer
 .text.enc28j60ReadBufferWord
                0x08001910       0x18 ./Libraries/Ethernet/src/enc28j60.o
 .text.enc28j60WriteBuffer
                0x08001928       0x44 ./Libraries/Ethernet/src/enc28j60.o
                0x08001928                enc28j60WriteBuffer
 .text.enc28j60SetBank
                0x0800196c       0x2c ./Libraries/Ethernet/src/enc28j60.o
                0x0800196c                enc28j60SetBank
 .text.enc28j60Read
                0x08001998       0x14 ./Libraries/Ethernet/src/enc28j60.o
                0x08001998                enc28j60Read
 .text.enc28j60Write
                0x080019ac       0x18 ./Libraries/Ethernet/src/enc28j60.o
                0x080019ac                enc28j60Write
 .text.enc28j60WriteWord
                0x080019c4       0x18 ./Libraries/Ethernet/src/enc28j60.o
                0x080019c4                enc28j60WriteWord
 .text.enc28j60PhyReadH
                0x080019dc       0x38 ./Libraries/Ethernet/src/enc28j60.o
                0x080019dc                enc28j60PhyReadH
 .text.enc28j60PhyWrite
                0x08001a14       0x38 ./Libraries/Ethernet/src/enc28j60.o
                0x08001a14                enc28j60PhyWrite
 .text.enc28j60clkout
                0x08001a4c       0x10 ./Libraries/Ethernet/src/enc28j60.o
                0x08001a4c                enc28j60clkout
 .text.enc28j60Init
                0x08001a5c      0x110 ./Libraries/Ethernet/src/enc28j60.o
                0x08001a5c                enc28j60Init
 .text.enc28j60getrev
                0x08001b6c       0x14 ./Libraries/Ethernet/src/enc28j60.o
                0x08001b6c                enc28j60getrev
 .text.enc28j60EnableBroadcast
                0x08001b80       0x18 ./Libraries/Ethernet/src/enc28j60.o
                0x08001b80                enc28j60EnableBroadcast
 .text.enc28j60DisableBroadcast
                0x08001b98       0x18 ./Libraries/Ethernet/src/enc28j60.o
                0x08001b98                enc28j60DisableBroadcast
 .text.enc28j60linkup
                0x08001bb0       0x14 ./Libraries/Ethernet/src/enc28j60.o
                0x08001bb0                enc28j60linkup
 .text.enc28j60PacketSend
                0x08001bc4       0x78 ./Libraries/Ethernet/src/enc28j60.o
                0x08001bc4                enc28j60PacketSend
 .text.enc28j60PacketReceive
                0x08001c3c       0x88 ./Libraries/Ethernet/src/enc28j60.o
                0x08001c3c                enc28j60PacketReceive
 .text.checksum
                0x08001cc4       0x48 ./Libraries/Ethernet/src/ip_arp_udp_tcp.o
                0x08001cc4                checksum
 .text.init_ip_arp_udp_tcp
                0x08001d0c       0x48 ./Libraries/Ethernet/src/ip_arp_udp_tcp.o
                0x08001d0c                init_ip_arp_udp_tcp
 .text.check_ip_message_is_from
                0x08001d54       0x28 ./Libraries/Ethernet/src/ip_arp_udp_tcp.o
                0x08001d54                check_ip_message_is_from
 .text.eth_type_is_arp_and_my_ip
                0x08001d7c       0x48 ./Libraries/Ethernet/src/ip_arp_udp_tcp.o
                0x08001d7c                eth_type_is_arp_and_my_ip
 .text.eth_type_is_ip_and_my_ip
                0x08001dc4       0x48 ./Libraries/Ethernet/src/ip_arp_udp_tcp.o
                0x08001dc4                eth_type_is_ip_and_my_ip
 .text.make_eth
                0x08001e0c       0x24 ./Libraries/Ethernet/src/ip_arp_udp_tcp.o
                0x08001e0c                make_eth
 .text.fill_ip_hdr_checksum
                0x08001e30       0x24 ./Libraries/Ethernet/src/ip_arp_udp_tcp.o
                0x08001e30                fill_ip_hdr_checksum
 .text.make_ip  0x08001e54       0x2c ./Libraries/Ethernet/src/ip_arp_udp_tcp.o
                0x08001e54                make_ip
 .text.step_seq
                0x08001e80       0x30 ./Libraries/Ethernet/src/ip_arp_udp_tcp.o
                0x08001e80                step_seq
 .text.make_tcphead
                0x08001eb0       0x3c ./Libraries/Ethernet/src/ip_arp_udp_tcp.o
                0x08001eb0                make_tcphead
 .text.make_arp_answer_from_request
                0x08001eec       0x5c ./Libraries/Ethernet/src/ip_arp_udp_tcp.o
                0x08001eec                make_arp_answer_from_request
 .text.make_echo_reply_from_request
                0x08001f48       0x38 ./Libraries/Ethernet/src/ip_arp_udp_tcp.o
                0x08001f48                make_echo_reply_from_request
 .text.make_tcp_synack_from_syn
                0x08001f80       0x88 ./Libraries/Ethernet/src/ip_arp_udp_tcp.o
                0x08001f80                make_tcp_synack_from_syn
 .text.get_tcp_data_len
                0x08002008       0x24 ./Libraries/Ethernet/src/ip_arp_udp_tcp.o
                0x08002008                get_tcp_data_len
 .text.fill_tcp_data_len
                0x0800202c       0x20 ./Libraries/Ethernet/src/ip_arp_udp_tcp.o
                0x0800202c                fill_tcp_data_len
 .text.fill_tcp_data
                0x0800204c       0x1c ./Libraries/Ethernet/src/ip_arp_udp_tcp.o
                0x0800204c                fill_tcp_data
 .text.make_tcp_ack_from_any
                0x08002068       0x6c ./Libraries/Ethernet/src/ip_arp_udp_tcp.o
                0x08002068                make_tcp_ack_from_any
 .text.make_tcp_ack_with_data_noflags
                0x080020d4       0x48 ./Libraries/Ethernet/src/ip_arp_udp_tcp.o
                0x080020d4                make_tcp_ack_with_data_noflags
 .text.www_server_reply
                0x0800211c       0x28 ./Libraries/Ethernet/src/ip_arp_udp_tcp.o
                0x0800211c                www_server_reply
 .text.fill_buf_p
                0x08002144       0x14 ./Libraries/Ethernet/src/ip_arp_udp_tcp.o
                0x08002144                fill_buf_p
 .text.send_udp_prepare
                0x08002158       0x98 ./Libraries/Ethernet/src/ip_arp_udp_tcp.o
                0x08002158                send_udp_prepare
 .text.send_udp_transmit
                0x080021f0       0x54 ./Libraries/Ethernet/src/ip_arp_udp_tcp.o
                0x080021f0                send_udp_transmit
 .text.client_arp_whohas
                0x08002244       0x90 ./Libraries/Ethernet/src/ip_arp_udp_tcp.o
                0x08002244                client_arp_whohas
 .text.client_store_gw_mac
                0x080022d4       0x48 ./Libraries/Ethernet/src/ip_arp_udp_tcp.o
                0x080022d4                client_store_gw_mac
 .text.client_set_gwip
                0x0800231c       0x24 ./Libraries/Ethernet/src/ip_arp_udp_tcp.o
                0x0800231c                client_set_gwip
 .text.client_syn
                0x08002340      0x10c ./Libraries/Ethernet/src/ip_arp_udp_tcp.o
                0x08002340                client_syn
 .text.packetloop_icmp_tcp
                0x0800244c      0x394 ./Libraries/Ethernet/src/ip_arp_udp_tcp.o
                0x0800244c                packetloop_icmp_tcp
 .text.Delay_Ms
                0x080027e0       0x1c ./Libraries/Delay/Delay.o
                0x080027e0                Delay_Ms
 .text.Delay_us
                0x080027fc       0x20 ./Libraries/Delay/Delay.o
                0x080027fc                Delay_us
 .text.Millis   0x0800281c        0xc ./Libraries/Delay/Delay.o
                0x0800281c                Millis
 .text.__errno  0x08002828        0xc /home/thanhtruong/workspace/toolchain/gcc-arm-none-eabi-4_8-2014q2/bin/../lib/gcc/arm-none-eabi/4.8.4/../../../../arm-none-eabi/lib/armv7-m/libg_s.a(lib_a-errno.o)
                0x08002828                __errno
 .text._fwrite_r
                0x08002834       0xb0 /home/thanhtruong/workspace/toolchain/gcc-arm-none-eabi-4_8-2014q2/bin/../lib/gcc/arm-none-eabi/4.8.4/../../../../arm-none-eabi/lib/armv7-m/libg_s.a(lib_a-fwrite.o)
                0x08002834                _fwrite_r
 .text.fwrite   0x080028e4       0x20 /home/thanhtruong/workspace/toolchain/gcc-arm-none-eabi-4_8-2014q2/bin/../lib/gcc/arm-none-eabi/4.8.4/../../../../arm-none-eabi/lib/armv7-m/libg_s.a(lib_a-fwrite.o)
                0x080028e4                fwrite
 .text.memset   0x08002904       0x10 /home/thanhtruong/workspace/toolchain/gcc-arm-none-eabi-4_8-2014q2/bin/../lib/gcc/arm-none-eabi/4.8.4/../../../../arm-none-eabi/lib/armv7-m/libg_s.a(lib_a-memset.o)
                0x08002904                memset
 .text._puts_r  0x08002914       0xc0 /home/thanhtruong/workspace/toolchain/gcc-arm-none-eabi-4_8-2014q2/bin/../lib/gcc/arm-none-eabi/4.8.4/../../../../arm-none-eabi/lib/armv7-m/libg_s.a(lib_a-puts.o)
                0x08002914                _puts_r
 .text.puts     0x080029d4       0x10 /home/thanhtruong/workspace/toolchain/gcc-arm-none-eabi-4_8-2014q2/bin/../lib/gcc/arm-none-eabi/4.8.4/../../../../arm-none-eabi/lib/armv7-m/libg_s.a(lib_a-puts.o)
                0x080029d4                puts
 .text.srand    0x080029e4       0x54 /home/thanhtruong/workspace/toolchain/gcc-arm-none-eabi-4_8-2014q2/bin/../lib/gcc/arm-none-eabi/4.8.4/../../../../arm-none-eabi/lib/armv7-m/libg_s.a(lib_a-rand.o)
                0x080029e4                srand
 .text.rand     0x08002a38       0x74 /home/thanhtruong/workspace/toolchain/gcc-arm-none-eabi-4_8-2014q2/bin/../lib/gcc/arm-none-eabi/4.8.4/../../../../arm-none-eabi/lib/armv7-m/libg_s.a(lib_a-rand.o)
                0x08002a38                rand
 .text.strlen   0x08002aac       0x10 /home/thanhtruong/workspace/toolchain/gcc-arm-none-eabi-4_8-2014q2/bin/../lib/gcc/arm-none-eabi/4.8.4/../../../../arm-none-eabi/lib/armv7-m/libg_s.a(lib_a-strlen.o)
                0x08002aac                strlen
 .text.strncmp  0x08002abc       0x2c /home/thanhtruong/workspace/toolchain/gcc-arm-none-eabi-4_8-2014q2/bin/../lib/gcc/arm-none-eabi/4.8.4/../../../../arm-none-eabi/lib/armv7-m/libg_s.a(lib_a-strncmp.o)
                0x08002abc                strncmp
 .text.__ssputs_r
                0x08002ae8       0xb8 /home/thanhtruong/workspace/toolchain/gcc-arm-none-eabi-4_8-2014q2/bin/../lib/gcc/arm-none-eabi/4.8.4/../../../../arm-none-eabi/lib/armv7-m/libg_s.a(lib_a-svfprintf.o)
                0x08002ae8                __ssputs_r
 .text._svfprintf_r
                0x08002ba0      0x1d8 /home/thanhtruong/workspace/toolchain/gcc-arm-none-eabi-4_8-2014q2/bin/../lib/gcc/arm-none-eabi/4.8.4/../../../../arm-none-eabi/lib/armv7-m/libg_s.a(lib_a-svfprintf.o)
                0x08002ba0                _svfprintf_r
                0x08002ba0                _svfiprintf_r
 .text._printf_common
                0x08002d78       0xe4 /home/thanhtruong/workspace/toolchain/gcc-arm-none-eabi-4_8-2014q2/bin/../lib/gcc/arm-none-eabi/4.8.4/../../../../arm-none-eabi/lib/armv7-m/libg_s.a(lib_a-vfprintf_i.o)
                0x08002d78                _printf_common
 .text._printf_i
                0x08002e5c      0x228 /home/thanhtruong/workspace/toolchain/gcc-arm-none-eabi-4_8-2014q2/bin/../lib/gcc/arm-none-eabi/4.8.4/../../../../arm-none-eabi/lib/armv7-m/libg_s.a(lib_a-vfprintf_i.o)
                0x08002e5c                _printf_i
 .text._vsnprintf_r
                0x08003084       0x52 /home/thanhtruong/workspace/toolchain/gcc-arm-none-eabi-4_8-2014q2/bin/../lib/gcc/arm-none-eabi/4.8.4/../../../../arm-none-eabi/lib/armv7-m/libg_s.a(lib_a-vsnprintf.o)
                0x08003084                _vsnprintf_r
                0x08003084                _vsniprintf_r
 *fill*         0x080030d6        0x2 
 .text.vsnprintf
                0x080030d8       0x20 /home/thanhtruong/workspace/toolchain/gcc-arm-none-eabi-4_8-2014q2/bin/../lib/gcc/arm-none-eabi/4.8.4/../../../../arm-none-eabi/lib/armv7-m/libg_s.a(lib_a-vsnprintf.o)
                0x080030d8                vsnprintf
                0x080030d8                vsniprintf
 .text.__swbuf_r
                0x080030f8       0xa8 /home/thanhtruong/workspace/toolchain/gcc-arm-none-eabi-4_8-2014q2/bin/../lib/gcc/arm-none-eabi/4.8.4/../../../../arm-none-eabi/lib/armv7-m/libg_s.a(lib_a-wbuf.o)
                0x080030f8                __swbuf_r
 .text.__swsetup_r
                0x080031a0       0xdc /home/thanhtruong/workspace/toolchain/gcc-arm-none-eabi-4_8-2014q2/bin/../lib/gcc/arm-none-eabi/4.8.4/../../../../arm-none-eabi/lib/armv7-m/libg_s.a(lib_a-wsetup.o)
                0x080031a0                __swsetup_r
 .text.__sflush_r
                0x0800327c      0x106 /home/thanhtruong/workspace/toolchain/gcc-arm-none-eabi-4_8-2014q2/bin/../lib/gcc/arm-none-eabi/4.8.4/../../../../arm-none-eabi/lib/armv7-m/libg_s.a(lib_a-fflush.o)
                0x0800327c                __sflush_r
 *fill*         0x08003382        0x2 
 .text._fflush_r
                0x08003384       0x54 /home/thanhtruong/workspace/toolchain/gcc-arm-none-eabi-4_8-2014q2/bin/../lib/gcc/arm-none-eabi/4.8.4/../../../../arm-none-eabi/lib/armv7-m/libg_s.a(lib_a-fflush.o)
                0x08003384                _fflush_r
 .text._cleanup_r
                0x080033d8       0x32 /home/thanhtruong/workspace/toolchain/gcc-arm-none-eabi-4_8-2014q2/bin/../lib/gcc/arm-none-eabi/4.8.4/../../../../arm-none-eabi/lib/armv7-m/libg_s.a(lib_a-findfp.o)
                0x080033d8                _cleanup_r
 *fill*         0x0800340a        0x2 
 .text.std.isra.0
                0x0800340c       0x48 /home/thanhtruong/workspace/toolchain/gcc-arm-none-eabi-4_8-2014q2/bin/../lib/gcc/arm-none-eabi/4.8.4/../../../../arm-none-eabi/lib/armv7-m/libg_s.a(lib_a-findfp.o)
 .text.__sfmoreglue
                0x08003454       0x2c /home/thanhtruong/workspace/toolchain/gcc-arm-none-eabi-4_8-2014q2/bin/../lib/gcc/arm-none-eabi/4.8.4/../../../../arm-none-eabi/lib/armv7-m/libg_s.a(lib_a-findfp.o)
                0x08003454                __sfmoreglue
 .text.__sinit  0x08003480       0x60 /home/thanhtruong/workspace/toolchain/gcc-arm-none-eabi-4_8-2014q2/bin/../lib/gcc/arm-none-eabi/4.8.4/../../../../arm-none-eabi/lib/armv7-m/libg_s.a(lib_a-findfp.o)
                0x08003480                __sinit
 .text.__sfp    0x080034e0       0x74 /home/thanhtruong/workspace/toolchain/gcc-arm-none-eabi-4_8-2014q2/bin/../lib/gcc/arm-none-eabi/4.8.4/../../../../arm-none-eabi/lib/armv7-m/libg_s.a(lib_a-findfp.o)
                0x080034e0                __sfp
 .text.__smakebuf_r
                0x08003554       0x98 /home/thanhtruong/workspace/toolchain/gcc-arm-none-eabi-4_8-2014q2/bin/../lib/gcc/arm-none-eabi/4.8.4/../../../../arm-none-eabi/lib/armv7-m/libg_s.a(lib_a-makebuf.o)
                0x08003554                __smakebuf_r
 .text.malloc   0x080035ec       0x10 /home/thanhtruong/workspace/toolchain/gcc-arm-none-eabi-4_8-2014q2/bin/../lib/gcc/arm-none-eabi/4.8.4/../../../../arm-none-eabi/lib/armv7-m/libg_s.a(lib_a-malloc.o)
                0x080035ec                malloc
 .text.memchr   0x080035fc       0x1c /home/thanhtruong/workspace/toolchain/gcc-arm-none-eabi-4_8-2014q2/bin/../lib/gcc/arm-none-eabi/4.8.4/../../../../arm-none-eabi/lib/armv7-m/libg_s.a(lib_a-memchr-stub.o)
                0x080035fc                memchr
 .text.memcpy   0x08003618       0x12 /home/thanhtruong/workspace/toolchain/gcc-arm-none-eabi-4_8-2014q2/bin/../lib/gcc/arm-none-eabi/4.8.4/../../../../arm-none-eabi/lib/armv7-m/libg_s.a(lib_a-memcpy-stub.o)
                0x08003618                memcpy
 .text.memmove  0x0800362a       0x36 /home/thanhtruong/workspace/toolchain/gcc-arm-none-eabi-4_8-2014q2/bin/../lib/gcc/arm-none-eabi/4.8.4/../../../../arm-none-eabi/lib/armv7-m/libg_s.a(lib_a-memmove.o)
                0x0800362a                memmove
 .text._free_r  0x08003660       0x88 /home/thanhtruong/workspace/toolchain/gcc-arm-none-eabi-4_8-2014q2/bin/../lib/gcc/arm-none-eabi/4.8.4/../../../../arm-none-eabi/lib/armv7-m/libg_s.a(lib_a-nano-freer.o)
                0x08003660                _free_r
 .text._malloc_r
                0x080036e8       0xa8 /home/thanhtruong/workspace/toolchain/gcc-arm-none-eabi-4_8-2014q2/bin/../lib/gcc/arm-none-eabi/4.8.4/../../../../arm-none-eabi/lib/armv7-m/libg_s.a(lib_a-nano-mallocr.o)
                0x080036e8                _malloc_r
 .text._realloc_r
                0x08003790       0x4c /home/thanhtruong/workspace/toolchain/gcc-arm-none-eabi-4_8-2014q2/bin/../lib/gcc/arm-none-eabi/4.8.4/../../../../arm-none-eabi/lib/armv7-m/libg_s.a(lib_a-nano-reallocr.o)
                0x08003790                _realloc_r
 .text._sbrk_r  0x080037dc       0x20 /home/thanhtruong/workspace/toolchain/gcc-arm-none-eabi-4_8-2014q2/bin/../lib/gcc/arm-none-eabi/4.8.4/../../../../arm-none-eabi/lib/armv7-m/libg_s.a(lib_a-sbrkr.o)
                0x080037dc                _sbrk_r
 .text.__sread  0x080037fc       0x22 /home/thanhtruong/workspace/toolchain/gcc-arm-none-eabi-4_8-2014q2/bin/../lib/gcc/arm-none-eabi/4.8.4/../../../../arm-none-eabi/lib/armv7-m/libg_s.a(lib_a-stdio.o)
                0x080037fc                __sread
 .text.__swrite
                0x0800381e       0x38 /home/thanhtruong/workspace/toolchain/gcc-arm-none-eabi-4_8-2014q2/bin/../lib/gcc/arm-none-eabi/4.8.4/../../../../arm-none-eabi/lib/armv7-m/libg_s.a(lib_a-stdio.o)
                0x0800381e                __swrite
 .text.__sseek  0x08003856       0x24 /home/thanhtruong/workspace/toolchain/gcc-arm-none-eabi-4_8-2014q2/bin/../lib/gcc/arm-none-eabi/4.8.4/../../../../arm-none-eabi/lib/armv7-m/libg_s.a(lib_a-stdio.o)
                0x08003856                __sseek
 .text.__sclose
                0x0800387a        0x8 /home/thanhtruong/workspace/toolchain/gcc-arm-none-eabi-4_8-2014q2/bin/../lib/gcc/arm-none-eabi/4.8.4/../../../../arm-none-eabi/lib/armv7-m/libg_s.a(lib_a-stdio.o)
                0x0800387a                __sclose
 *fill*         0x08003882        0x2 
 .text._write_r
                0x08003884       0x24 /home/thanhtruong/workspace/toolchain/gcc-arm-none-eabi-4_8-2014q2/bin/../lib/gcc/arm-none-eabi/4.8.4/../../../../arm-none-eabi/lib/armv7-m/libg_s.a(lib_a-writer.o)
                0x08003884                _write_r
 .text._close_r
                0x080038a8       0x20 /home/thanhtruong/workspace/toolchain/gcc-arm-none-eabi-4_8-2014q2/bin/../lib/gcc/arm-none-eabi/4.8.4/../../../../arm-none-eabi/lib/armv7-m/libg_s.a(lib_a-closer.o)
                0x080038a8                _close_r
 .text._fstat_r
                0x080038c8       0x24 /home/thanhtruong/workspace/toolchain/gcc-arm-none-eabi-4_8-2014q2/bin/../lib/gcc/arm-none-eabi/4.8.4/../../../../arm-none-eabi/lib/armv7-m/libg_s.a(lib_a-fstatr.o)
                0x080038c8                _fstat_r
 .text._isatty_r
                0x080038ec       0x20 /home/thanhtruong/workspace/toolchain/gcc-arm-none-eabi-4_8-2014q2/bin/../lib/gcc/arm-none-eabi/4.8.4/../../../../arm-none-eabi/lib/armv7-m/libg_s.a(lib_a-isattyr.o)
                0x080038ec                _isatty_r
 .text._lseek_r
                0x0800390c       0x24 /home/thanhtruong/workspace/toolchain/gcc-arm-none-eabi-4_8-2014q2/bin/../lib/gcc/arm-none-eabi/4.8.4/../../../../arm-none-eabi/lib/armv7-m/libg_s.a(lib_a-lseekr.o)
                0x0800390c                _lseek_r
 .text._malloc_usable_size_r
                0x08003930       0x12 /home/thanhtruong/workspace/toolchain/gcc-arm-none-eabi-4_8-2014q2/bin/../lib/gcc/arm-none-eabi/4.8.4/../../../../arm-none-eabi/lib/armv7-m/libg_s.a(lib_a-nano-msizer.o)
                0x08003930                _malloc_usable_size_r
 *fill*         0x08003942        0x2 
 .text._read_r  0x08003944       0x24 /home/thanhtruong/workspace/toolchain/gcc-arm-none-eabi-4_8-2014q2/bin/../lib/gcc/arm-none-eabi/4.8.4/../../../../arm-none-eabi/lib/armv7-m/libg_s.a(lib_a-readr.o)
                0x08003944                _read_r
 *(.rodata .rodata.*)
 .rodata.str1.4
                0x08003968       0x32 ./system/src/stm32f1-stdperiph/stm32f10x_flash.o
                                 0x34 (size before relaxing)
 *fill*         0x0800399a        0x2 
 .rodata.str1.4
                0x0800399c       0x31 ./system/src/stm32f1-stdperiph/stm32f10x_gpio.o
                                 0x34 (size before relaxing)
 *fill*         0x080039cd        0x3 
 .rodata.str1.4
                0x080039d0       0x30 ./system/src/stm32f1-stdperiph/stm32f10x_rcc.o
 .rodata.str1.4
                0x08003a00       0x30 ./system/src/stm32f1-stdperiph/stm32f10x_spi.o
 .rodata.str1.4
                0x08003a30       0x14 ./system/src/newlib/_exit.o
 .rodata.str1.4
                0x08003a44       0x6b ./system/src/newlib/assert.o
                                 0x70 (size before relaxing)
 *fill*         0x08003aaf        0x1 
 .rodata.str1.4
                0x08003ab0       0x29 ./system/src/diag/Trace.o
                                 0x30 (size before relaxing)
 *fill*         0x08003ad9        0x3 
 .rodata.str1.4
                0x08003adc      0x2a8 ./src/main.o
 .rodata.iphdr  0x08003d84        0xc ./Libraries/Ethernet/src/ip_arp_udp_tcp.o
                0x08003d84                iphdr
 .rodata.arpreqhdr
                0x08003d90        0x8 ./Libraries/Ethernet/src/ip_arp_udp_tcp.o
                0x08003d90                arpreqhdr
 .rodata.str1.1
                0x08003d98        0x2 /home/thanhtruong/workspace/toolchain/gcc-arm-none-eabi-4_8-2014q2/bin/../lib/gcc/arm-none-eabi/4.8.4/../../../../arm-none-eabi/lib/armv7-m/libg_s.a(lib_a-impure.o)
 *fill*         0x08003d9a        0x2 
 .rodata._global_impure_ptr
                0x08003d9c        0x4 /home/thanhtruong/workspace/toolchain/gcc-arm-none-eabi-4_8-2014q2/bin/../lib/gcc/arm-none-eabi/4.8.4/../../../../arm-none-eabi/lib/armv7-m/libg_s.a(lib_a-impure.o)
                0x08003d9c                _global_impure_ptr
 .rodata.str1.1
                0x08003da0       0x11 /home/thanhtruong/workspace/toolchain/gcc-arm-none-eabi-4_8-2014q2/bin/../lib/gcc/arm-none-eabi/4.8.4/../../../../arm-none-eabi/lib/armv7-m/libg_s.a(lib_a-svfprintf.o)
 .rodata.str1.1
                0x08003db1       0x22 /home/thanhtruong/workspace/toolchain/gcc-arm-none-eabi-4_8-2014q2/bin/../lib/gcc/arm-none-eabi/4.8.4/../../../../arm-none-eabi/lib/armv7-m/libg_s.a(lib_a-vfprintf_i.o)
 *fill*         0x08003dd3        0x1 
 .rodata.__sf_fake_stdin
                0x08003dd4       0x20 /home/thanhtruong/workspace/toolchain/gcc-arm-none-eabi-4_8-2014q2/bin/../lib/gcc/arm-none-eabi/4.8.4/../../../../arm-none-eabi/lib/armv7-m/libg_s.a(lib_a-findfp.o)
                0x08003dd4                __sf_fake_stdin
 .rodata.__sf_fake_stdout
                0x08003df4       0x20 /home/thanhtruong/workspace/toolchain/gcc-arm-none-eabi-4_8-2014q2/bin/../lib/gcc/arm-none-eabi/4.8.4/../../../../arm-none-eabi/lib/armv7-m/libg_s.a(lib_a-findfp.o)
                0x08003df4                __sf_fake_stdout
 .rodata.__sf_fake_stderr
                0x08003e14       0x20 /home/thanhtruong/workspace/toolchain/gcc-arm-none-eabi-4_8-2014q2/bin/../lib/gcc/arm-none-eabi/4.8.4/../../../../arm-none-eabi/lib/armv7-m/libg_s.a(lib_a-findfp.o)
                0x08003e14                __sf_fake_stderr
 *(vtable)
 *(.eh_frame*)
 *(.glue_7)
 .glue_7        0x00000000        0x0 linker stubs
 *(.glue_7t)
 .glue_7t       0x00000000        0x0 linker stubs

.vfp11_veneer   0x08003e34        0x0
 .vfp11_veneer  0x00000000        0x0 linker stubs

.v4_bx          0x08003e34        0x0
 .v4_bx         0x00000000        0x0 linker stubs

.iplt           0x08003e34        0x0
 .iplt          0x00000000        0x0 ./system/src/stm32f1-stdperiph/misc.o

.rel.dyn        0x08003e34        0x0
 .rel.iplt      0x00000000        0x0 ./system/src/stm32f1-stdperiph/misc.o

.ARM.extab
 *(.ARM.extab* .gnu.linkonce.armextab.*)
                0x08003e34                __exidx_start = .

.ARM.exidx
 *(.ARM.exidx* .gnu.linkonce.armexidx.*)
                0x08003e34                __exidx_end = .
                0x08003e34                . = ALIGN (0x4)
                0x08003e34                _etext = .
                0x08003e34                __etext = .
                0x08003e34                _sidata = _etext

.data           0x20000000       0xb0 load address 0x08003e34
                0x20000000                . = ALIGN (0x4)
                0x20000000                _sdata = .
                0x20000000                __data_start__ = .
 *(.data_begin .data_begin.*)
 .data_begin    0x20000000        0x4 ./system/src/newlib/_startup.o
 *(.data .data.*)
 .data.ADCPrescTable
                0x20000004        0x4 ./system/src/stm32f1-stdperiph/stm32f10x_rcc.o
 .data.APBAHBPrescTable
                0x20000008       0x10 ./system/src/stm32f1-stdperiph/stm32f10x_rcc.o
 .data.argv.4461
                0x20000018        0x8 ./system/src/newlib/_syscalls.o
 .data.SystemCoreClock
                0x20000020        0x4 ./system/src/cmsis/system_stm32f10x.o
                0x20000020                SystemCoreClock
 .data.gwip     0x20000024        0x4 ./src/main.o
 .data.mymac    0x20000028        0x8 ./src/main.o
 .data.hostname
                0x20000030        0xc ./Libraries/Ethernet/src/dhcp.o
 .data.dnsip    0x2000003c        0x4 ./Libraries/Ethernet/src/dnslkup.o
                0x2000003c                dnsip
 .data.delaycnt
                0x20000040        0x2 ./Libraries/Ethernet/src/ip_arp_udp_tcp.o
 .data.tcpclient_src_port_l
                0x20000042        0x1 ./Libraries/Ethernet/src/ip_arp_udp_tcp.o
 .data.seqnum   0x20000043        0x1 ./Libraries/Ethernet/src/ip_arp_udp_tcp.o
 .data.wwwport_l
                0x20000044        0x1 ./Libraries/Ethernet/src/ip_arp_udp_tcp.o
 .data.waitgwmac
                0x20000045        0x1 ./Libraries/Ethernet/src/ip_arp_udp_tcp.o
 *fill*         0x20000046        0x2 
 .data.impure_data
                0x20000048       0x60 /home/thanhtruong/workspace/toolchain/gcc-arm-none-eabi-4_8-2014q2/bin/../lib/gcc/arm-none-eabi/4.8.4/../../../../arm-none-eabi/lib/armv7-m/libg_s.a(lib_a-impure.o)
 .data._impure_ptr
                0x200000a8        0x4 /home/thanhtruong/workspace/toolchain/gcc-arm-none-eabi-4_8-2014q2/bin/../lib/gcc/arm-none-eabi/4.8.4/../../../../arm-none-eabi/lib/armv7-m/libg_s.a(lib_a-impure.o)
                0x200000a8                _impure_ptr
 *(.data_end .data_end.*)
 .data_end      0x200000ac        0x4 ./system/src/newlib/_startup.o
                0x200000b0                . = ALIGN (0x4)
                0x200000b0                _edata = .
                0x200000b0                __data_end__ = .

.igot.plt       0x200000b0        0x0 load address 0x08003ee4
 .igot.plt      0x00000000        0x0 ./system/src/stm32f1-stdperiph/misc.o

.bss            0x200000b0      0x350 load address 0x08003ee4
                0x200000b0                . = ALIGN (0x4)
                0x200000b0                __bss_start__ = .
                0x200000b0                _sbss = .
 *(.bss_begin .bss_begin.*)
 .bss_begin     0x200000b0        0x4 ./system/src/newlib/_startup.o
 *(.bss .bss.*)
 .bss.current_heap_end.4289
                0x200000b4        0x4 ./system/src/newlib/_sbrk.o
 .bss.name.4460
                0x200000b8        0x4 ./system/src/newlib/_syscalls.o
 .bss.buf.5352  0x200000bc       0x80 ./system/src/diag/Trace.o
 .bss.myip      0x2000013c        0x4 ./src/main.o
 .bss.mynetmask
                0x20000140        0x4 ./src/main.o
 .bss.dhcpsvrip
                0x20000144        0x4 ./src/main.o
 .bss.buf       0x20000148      0x228 ./src/main.o
 .bss.dnsip     0x20000370        0x4 ./src/main.o
 .bss.macaddr   0x20000374        0x4 ./Libraries/Ethernet/src/dhcp.o
 .bss.haveDhcpAnswer
                0x20000378        0x1 ./Libraries/Ethernet/src/dhcp.o
 *fill*         0x20000379        0x3 
 .bss.bufPtr    0x2000037c        0x4 ./Libraries/Ethernet/src/dhcp.o
 .bss.currentXid
                0x20000380        0x4 ./Libraries/Ethernet/src/dhcp.o
                0x20000380                currentXid
 .bss.leaseStart
                0x20000384        0x4 ./Libraries/Ethernet/src/dhcp.o
 .bss.dhcp_ansError
                0x20000388        0x1 ./Libraries/Ethernet/src/dhcp.o
 *fill*         0x20000389        0x1 
 .bss.currentSecs
                0x2000038a        0x2 ./Libraries/Ethernet/src/dhcp.o
                0x2000038a                currentSecs
 .bss.dhcpState
                0x2000038c        0x1 ./Libraries/Ethernet/src/dhcp.o
 *fill*         0x2000038d        0x3 
 .bss.leaseTime
                0x20000390        0x4 ./Libraries/Ethernet/src/dhcp.o
 .bss.dhcptid_l
                0x20000394        0x1 ./Libraries/Ethernet/src/dhcp.o
 .bss.Enc28j60Bank
                0x20000395        0x1 ./Libraries/Ethernet/src/enc28j60.o
 .bss.gNextPacketPtr
                0x20000396        0x2 ./Libraries/Ethernet/src/enc28j60.o
 .bss.erxfcon   0x20000398        0x1 ./Libraries/Ethernet/src/enc28j60.o
 *fill*         0x20000399        0x3 
 .bss.tcpsrvip  0x2000039c        0x4 ./Libraries/Ethernet/src/ip_arp_udp_tcp.o
 .bss.client_tcp_datafill_callback
                0x200003a0        0x4 ./Libraries/Ethernet/src/ip_arp_udp_tcp.o
 .bss.ipaddr    0x200003a4        0x4 ./Libraries/Ethernet/src/ip_arp_udp_tcp.o
 .bss.info_data_len
                0x200003a8        0x2 ./Libraries/Ethernet/src/ip_arp_udp_tcp.o
 .bss.wwwport_h
                0x200003aa        0x1 ./Libraries/Ethernet/src/ip_arp_udp_tcp.o
 .bss.tcp_client_port_h
                0x200003ab        0x1 ./Libraries/Ethernet/src/ip_arp_udp_tcp.o
 .bss.bufptr    0x200003ac        0x4 ./Libraries/Ethernet/src/ip_arp_udp_tcp.o
 .bss.icmp_callback
                0x200003b0        0x4 ./Libraries/Ethernet/src/ip_arp_udp_tcp.o
 .bss.gwip      0x200003b4        0x4 ./Libraries/Ethernet/src/ip_arp_udp_tcp.o
 .bss.tcp_client_port_l
                0x200003b8        0x1 ./Libraries/Ethernet/src/ip_arp_udp_tcp.o
 .bss.tcp_client_state
                0x200003b9        0x1 ./Libraries/Ethernet/src/ip_arp_udp_tcp.o
 .bss.tcp_fd    0x200003ba        0x1 ./Libraries/Ethernet/src/ip_arp_udp_tcp.o
 *fill*         0x200003bb        0x1 
 .bss.gwmacaddr
                0x200003bc        0x8 ./Libraries/Ethernet/src/ip_arp_udp_tcp.o
 .bss.client_tcp_result_callback
                0x200003c4        0x4 ./Libraries/Ethernet/src/ip_arp_udp_tcp.o
 .bss.MillisCounter
                0x200003c8        0x4 ./Libraries/Delay/Delay.o
                0x200003c8                MillisCounter
 .bss.__malloc_sbrk_start
                0x200003cc        0x4 /home/thanhtruong/workspace/toolchain/gcc-arm-none-eabi-4_8-2014q2/bin/../lib/gcc/arm-none-eabi/4.8.4/../../../../arm-none-eabi/lib/armv7-m/libg_s.a(lib_a-nano-mallocr.o)
                0x200003cc                __malloc_sbrk_start
 .bss.__malloc_free_list
                0x200003d0        0x4 /home/thanhtruong/workspace/toolchain/gcc-arm-none-eabi-4_8-2014q2/bin/../lib/gcc/arm-none-eabi/4.8.4/../../../../arm-none-eabi/lib/armv7-m/libg_s.a(lib_a-nano-mallocr.o)
                0x200003d0                __malloc_free_list
 *(COMMON)
 COMMON         0x200003d4        0x4 ./system/src/newlib/_syscalls.o
                0x200003d4                errno
 COMMON         0x200003d8        0x4 ./src/Timer.o
                0x200003d8                timer_delayCount
 COMMON         0x200003dc        0x4 ./src/main.o
                0x200003dc                plen
                0x200003de                dat_p
 COMMON         0x200003e0       0x14 ./Libraries/Ethernet/src/dhcp.o
                0x200003e0                dnsserver
                0x200003e4                dhcpip
                0x200003e8                dhcpserver
                0x200003ec                gwaddr
                0x200003f0                dhcpmask
 COMMON         0x200003f4        0x6 ./Libraries/Ethernet/src/ip_arp_udp_tcp.o
                0x200003f4                macaddr
 *(.bss_end .bss_end.*)
 *fill*         0x200003fa        0x2 
 .bss_end       0x200003fc        0x4 ./system/src/newlib/_startup.o
                0x20000400                . = ALIGN (0x4)
                0x20000400                __bss_end__ = .
                0x20000400                _ebss = .

.noinit         0x20000400        0x0
                0x20000400                . = ALIGN (0x4)
                0x20000400                _noinit = .
 *(.noinit .noinit.*)
                0x20000400                . = ALIGN (0x4)
                0x20000400                _end_noinit = .
                0x20000400                PROVIDE (end, _end_noinit)
                0x20000400                PROVIDE (_end, _end_noinit)
                0x20000400                PROVIDE (__end, _end_noinit)
                0x20000400                PROVIDE (__end__, _end_noinit)

._check_stack   0x20000400      0x100 load address 0x08004234
                0x20000400                . = ALIGN (0x4)
                0x20000500                . = (. + _Minimum_Stack_Size)
 *fill*         0x20000400      0x100 
                0x20000500                . = ALIGN (0x4)

.bss_CCMRAM
 *(.bss.CCMRAM .bss.CCMRAM.*)

.b1text
 *(.b1text)
 *(.b1rodata)
 *(.b1rodata.*)

.eb0text
 *(.eb0text)
 *(.eb0rodata)
 *(.eb0rodata.*)

.eb1text
 *(.eb1text)
 *(.eb1rodata)
 *(.eb1rodata.*)

.eb2text
 *(.eb2text)
 *(.eb2rodata)
 *(.eb2rodata.*)

.eb3text
 *(.eb3text)
 *(.eb3rodata)
 *(.eb3rodata.*)

.stab
 *(.stab)

.stabstr
 *(.stabstr)

.stab.excl
 *(.stab.excl)

.stab.exclstr
 *(.stab.exclstr)

.stab.index
 *(.stab.index)

.stab.indexstr
 *(.stab.indexstr)

.comment        0x00000000       0x70
 *(.comment)
 .comment       0x00000000       0x70 ./system/src/stm32f1-stdperiph/stm32f10x_flash.o
                                 0x71 (size before relaxing)
 .comment       0x00000000       0x71 ./system/src/stm32f1-stdperiph/stm32f10x_gpio.o
 .comment       0x00000000       0x71 ./system/src/stm32f1-stdperiph/stm32f10x_rcc.o
 .comment       0x00000000       0x71 ./system/src/stm32f1-stdperiph/stm32f10x_spi.o
 .comment       0x00000000       0x71 ./system/src/newlib/_exit.o
 .comment       0x00000000       0x71 ./system/src/newlib/_sbrk.o
 .comment       0x00000000       0x71 ./system/src/newlib/_startup.o
 .comment       0x00000000       0x71 ./system/src/newlib/_syscalls.o
 .comment       0x00000000       0x71 ./system/src/newlib/_write.o
 .comment       0x00000000       0x71 ./system/src/newlib/assert.o
 .comment       0x00000000       0x71 ./system/src/diag/Trace.o
 .comment       0x00000000       0x71 ./system/src/diag/trace_impl.o
 .comment       0x00000000       0x71 ./system/src/cortexm/_initialize_hardware.o
 .comment       0x00000000       0x71 ./system/src/cortexm/exception_handlers.o
 .comment       0x00000000       0x71 ./system/src/cmsis/system_stm32f10x.o
 .comment       0x00000000       0x71 ./system/src/cmsis/vectors_stm32f10x.o
 .comment       0x00000000       0x71 ./src/Timer.o
 .comment       0x00000000       0x71 ./src/main.o
 .comment       0x00000000       0x71 ./Libraries/Ethernet/src/EtherShield.o
 .comment       0x00000000       0x71 ./Libraries/Ethernet/src/dhcp.o
 .comment       0x00000000       0x71 ./Libraries/Ethernet/src/dnslkup.o
 .comment       0x00000000       0x71 ./Libraries/Ethernet/src/enc28j60.o
 .comment       0x00000000       0x71 ./Libraries/Ethernet/src/ip_arp_udp_tcp.o
 .comment       0x00000000       0x71 ./Libraries/Delay/Delay.o

.ARM.attributes
                0x00000000       0x33
 .ARM.attributes
                0x00000000       0x33 ./system/src/stm32f1-stdperiph/stm32f10x_flash.o
 .ARM.attributes
                0x00000033       0x33 ./system/src/stm32f1-stdperiph/stm32f10x_gpio.o
 .ARM.attributes
                0x00000066       0x33 ./system/src/stm32f1-stdperiph/stm32f10x_rcc.o
 .ARM.attributes
                0x00000099       0x33 ./system/src/stm32f1-stdperiph/stm32f10x_spi.o
 .ARM.attributes
                0x000000cc       0x33 ./system/src/newlib/_exit.o
 .ARM.attributes
                0x000000ff       0x33 ./system/src/newlib/_sbrk.o
 .ARM.attributes
                0x00000132       0x33 ./system/src/newlib/_startup.o
 .ARM.attributes
                0x00000165       0x33 ./system/src/newlib/_syscalls.o
 .ARM.attributes
                0x00000198       0x33 ./system/src/newlib/_write.o
 .ARM.attributes
                0x000001cb       0x33 ./system/src/newlib/assert.o
 .ARM.attributes
                0x000001fe       0x33 ./system/src/diag/Trace.o
 .ARM.attributes
                0x00000231       0x33 ./system/src/diag/trace_impl.o
 .ARM.attributes
                0x00000264       0x33 ./system/src/cortexm/_initialize_hardware.o
 .ARM.attributes
                0x00000297       0x33 ./system/src/cortexm/exception_handlers.o
 .ARM.attributes
                0x000002ca       0x33 ./system/src/cmsis/system_stm32f10x.o
 .ARM.attributes
                0x000002fd       0x33 ./system/src/cmsis/vectors_stm32f10x.o
 .ARM.attributes
                0x00000330       0x33 ./src/Timer.o
 .ARM.attributes
                0x00000363       0x33 ./src/main.o
 .ARM.attributes
                0x00000396       0x33 ./Libraries/Ethernet/src/EtherShield.o
 .ARM.attributes
                0x000003c9       0x33 ./Libraries/Ethernet/src/dhcp.o
 .ARM.attributes
                0x000003fc       0x33 ./Libraries/Ethernet/src/dnslkup.o
 .ARM.attributes
                0x0000042f       0x33 ./Libraries/Ethernet/src/enc28j60.o
 .ARM.attributes
                0x00000462       0x33 ./Libraries/Ethernet/src/ip_arp_udp_tcp.o
 .ARM.attributes
                0x00000495       0x33 ./Libraries/Delay/Delay.o
 .ARM.attributes
                0x000004c8       0x2d /home/thanhtruong/workspace/toolchain/gcc-arm-none-eabi-4_8-2014q2/bin/../lib/gcc/arm-none-eabi/4.8.4/../../../../arm-none-eabi/lib/armv7-m/libg_s.a(lib_a-errno.o)
 .ARM.attributes
                0x000004f5       0x2d /home/thanhtruong/workspace/toolchain/gcc-arm-none-eabi-4_8-2014q2/bin/../lib/gcc/arm-none-eabi/4.8.4/../../../../arm-none-eabi/lib/armv7-m/libg_s.a(lib_a-fwrite.o)
 .ARM.attributes
                0x00000522       0x2d /home/thanhtruong/workspace/toolchain/gcc-arm-none-eabi-4_8-2014q2/bin/../lib/gcc/arm-none-eabi/4.8.4/../../../../arm-none-eabi/lib/armv7-m/libg_s.a(lib_a-impure.o)
 .ARM.attributes
                0x0000054f       0x2d /home/thanhtruong/workspace/toolchain/gcc-arm-none-eabi-4_8-2014q2/bin/../lib/gcc/arm-none-eabi/4.8.4/../../../../arm-none-eabi/lib/armv7-m/libg_s.a(lib_a-memset.o)
 .ARM.attributes
                0x0000057c       0x2d /home/thanhtruong/workspace/toolchain/gcc-arm-none-eabi-4_8-2014q2/bin/../lib/gcc/arm-none-eabi/4.8.4/../../../../arm-none-eabi/lib/armv7-m/libg_s.a(lib_a-puts.o)
 .ARM.attributes
                0x000005a9       0x2d /home/thanhtruong/workspace/toolchain/gcc-arm-none-eabi-4_8-2014q2/bin/../lib/gcc/arm-none-eabi/4.8.4/../../../../arm-none-eabi/lib/armv7-m/libg_s.a(lib_a-rand.o)
 .ARM.attributes
                0x000005d6       0x2d /home/thanhtruong/workspace/toolchain/gcc-arm-none-eabi-4_8-2014q2/bin/../lib/gcc/arm-none-eabi/4.8.4/../../../../arm-none-eabi/lib/armv7-m/libg_s.a(lib_a-strlen.o)
 .ARM.attributes
                0x00000603       0x2d /home/thanhtruong/workspace/toolchain/gcc-arm-none-eabi-4_8-2014q2/bin/../lib/gcc/arm-none-eabi/4.8.4/../../../../arm-none-eabi/lib/armv7-m/libg_s.a(lib_a-strncmp.o)
 .ARM.attributes
                0x00000630       0x2d /home/thanhtruong/workspace/toolchain/gcc-arm-none-eabi-4_8-2014q2/bin/../lib/gcc/arm-none-eabi/4.8.4/../../../../arm-none-eabi/lib/armv7-m/libg_s.a(lib_a-svfprintf.o)
 .ARM.attributes
                0x0000065d       0x2d /home/thanhtruong/workspace/toolchain/gcc-arm-none-eabi-4_8-2014q2/bin/../lib/gcc/arm-none-eabi/4.8.4/../../../../arm-none-eabi/lib/armv7-m/libg_s.a(lib_a-vfprintf_i.o)
 .ARM.attributes
                0x0000068a       0x2d /home/thanhtruong/workspace/toolchain/gcc-arm-none-eabi-4_8-2014q2/bin/../lib/gcc/arm-none-eabi/4.8.4/../../../../arm-none-eabi/lib/armv7-m/libg_s.a(lib_a-vsnprintf.o)
 .ARM.attributes
                0x000006b7       0x2d /home/thanhtruong/workspace/toolchain/gcc-arm-none-eabi-4_8-2014q2/bin/../lib/gcc/arm-none-eabi/4.8.4/../../../../arm-none-eabi/lib/armv7-m/libg_s.a(lib_a-wbuf.o)
 .ARM.attributes
                0x000006e4       0x2d /home/thanhtruong/workspace/toolchain/gcc-arm-none-eabi-4_8-2014q2/bin/../lib/gcc/arm-none-eabi/4.8.4/../../../../arm-none-eabi/lib/armv7-m/libg_s.a(lib_a-wsetup.o)
 .ARM.attributes
                0x00000711       0x2d /home/thanhtruong/workspace/toolchain/gcc-arm-none-eabi-4_8-2014q2/bin/../lib/gcc/arm-none-eabi/4.8.4/../../../../arm-none-eabi/lib/armv7-m/libg_s.a(lib_a-fflush.o)
 .ARM.attributes
                0x0000073e       0x2d /home/thanhtruong/workspace/toolchain/gcc-arm-none-eabi-4_8-2014q2/bin/../lib/gcc/arm-none-eabi/4.8.4/../../../../arm-none-eabi/lib/armv7-m/libg_s.a(lib_a-findfp.o)
 .ARM.attributes
                0x0000076b       0x2d /home/thanhtruong/workspace/toolchain/gcc-arm-none-eabi-4_8-2014q2/bin/../lib/gcc/arm-none-eabi/4.8.4/../../../../arm-none-eabi/lib/armv7-m/libg_s.a(lib_a-makebuf.o)
 .ARM.attributes
                0x00000798       0x2d /home/thanhtruong/workspace/toolchain/gcc-arm-none-eabi-4_8-2014q2/bin/../lib/gcc/arm-none-eabi/4.8.4/../../../../arm-none-eabi/lib/armv7-m/libg_s.a(lib_a-malloc.o)
 .ARM.attributes
                0x000007c5       0x2d /home/thanhtruong/workspace/toolchain/gcc-arm-none-eabi-4_8-2014q2/bin/../lib/gcc/arm-none-eabi/4.8.4/../../../../arm-none-eabi/lib/armv7-m/libg_s.a(lib_a-memchr-stub.o)
 .ARM.attributes
                0x000007f2       0x2d /home/thanhtruong/workspace/toolchain/gcc-arm-none-eabi-4_8-2014q2/bin/../lib/gcc/arm-none-eabi/4.8.4/../../../../arm-none-eabi/lib/armv7-m/libg_s.a(lib_a-memcpy-stub.o)
 .ARM.attributes
                0x0000081f       0x2d /home/thanhtruong/workspace/toolchain/gcc-arm-none-eabi-4_8-2014q2/bin/../lib/gcc/arm-none-eabi/4.8.4/../../../../arm-none-eabi/lib/armv7-m/libg_s.a(lib_a-memmove.o)
 .ARM.attributes
                0x0000084c       0x2d /home/thanhtruong/workspace/toolchain/gcc-arm-none-eabi-4_8-2014q2/bin/../lib/gcc/arm-none-eabi/4.8.4/../../../../arm-none-eabi/lib/armv7-m/libg_s.a(lib_a-nano-freer.o)
 .ARM.attributes
                0x00000879       0x2d /home/thanhtruong/workspace/toolchain/gcc-arm-none-eabi-4_8-2014q2/bin/../lib/gcc/arm-none-eabi/4.8.4/../../../../arm-none-eabi/lib/armv7-m/libg_s.a(lib_a-nano-mallocr.o)
 .ARM.attributes
                0x000008a6       0x2d /home/thanhtruong/workspace/toolchain/gcc-arm-none-eabi-4_8-2014q2/bin/../lib/gcc/arm-none-eabi/4.8.4/../../../../arm-none-eabi/lib/armv7-m/libg_s.a(lib_a-nano-reallocr.o)
 .ARM.attributes
                0x000008d3       0x2d /home/thanhtruong/workspace/toolchain/gcc-arm-none-eabi-4_8-2014q2/bin/../lib/gcc/arm-none-eabi/4.8.4/../../../../arm-none-eabi/lib/armv7-m/libg_s.a(lib_a-sbrkr.o)
 .ARM.attributes
                0x00000900       0x2d /home/thanhtruong/workspace/toolchain/gcc-arm-none-eabi-4_8-2014q2/bin/../lib/gcc/arm-none-eabi/4.8.4/../../../../arm-none-eabi/lib/armv7-m/libg_s.a(lib_a-stdio.o)
 .ARM.attributes
                0x0000092d       0x2d /home/thanhtruong/workspace/toolchain/gcc-arm-none-eabi-4_8-2014q2/bin/../lib/gcc/arm-none-eabi/4.8.4/../../../../arm-none-eabi/lib/armv7-m/libg_s.a(lib_a-writer.o)
 .ARM.attributes
                0x0000095a       0x2d /home/thanhtruong/workspace/toolchain/gcc-arm-none-eabi-4_8-2014q2/bin/../lib/gcc/arm-none-eabi/4.8.4/../../../../arm-none-eabi/lib/armv7-m/libg_s.a(lib_a-closer.o)
 .ARM.attributes
                0x00000987       0x2d /home/thanhtruong/workspace/toolchain/gcc-arm-none-eabi-4_8-2014q2/bin/../lib/gcc/arm-none-eabi/4.8.4/../../../../arm-none-eabi/lib/armv7-m/libg_s.a(lib_a-fstatr.o)
 .ARM.attributes
                0x000009b4       0x2d /home/thanhtruong/workspace/toolchain/gcc-arm-none-eabi-4_8-2014q2/bin/../lib/gcc/arm-none-eabi/4.8.4/../../../../arm-none-eabi/lib/armv7-m/libg_s.a(lib_a-isattyr.o)
 .ARM.attributes
                0x000009e1       0x2d /home/thanhtruong/workspace/toolchain/gcc-arm-none-eabi-4_8-2014q2/bin/../lib/gcc/arm-none-eabi/4.8.4/../../../../arm-none-eabi/lib/armv7-m/libg_s.a(lib_a-lseekr.o)
 .ARM.attributes
                0x00000a0e       0x2d /home/thanhtruong/workspace/toolchain/gcc-arm-none-eabi-4_8-2014q2/bin/../lib/gcc/arm-none-eabi/4.8.4/../../../../arm-none-eabi/lib/armv7-m/libg_s.a(lib_a-nano-msizer.o)
 .ARM.attributes
                0x00000a3b       0x2d /home/thanhtruong/workspace/toolchain/gcc-arm-none-eabi-4_8-2014q2/bin/../lib/gcc/arm-none-eabi/4.8.4/../../../../arm-none-eabi/lib/armv7-m/libg_s.a(lib_a-readr.o)

.debug
 *(.debug)

.line
 *(.line)

.debug_srcinfo
 *(.debug_srcinfo)

.debug_sfnames
 *(.debug_sfnames)

.debug_aranges  0x00000000      0xc80
 *(.debug_aranges)
 .debug_aranges
                0x00000000       0xf8 ./system/src/stm32f1-stdperiph/stm32f10x_flash.o
 .debug_aranges
                0x000000f8       0xa8 ./system/src/stm32f1-stdperiph/stm32f10x_gpio.o
 .debug_aranges
                0x000001a0      0x118 ./system/src/stm32f1-stdperiph/stm32f10x_rcc.o
 .debug_aranges
                0x000002b8       0xd0 ./system/src/stm32f1-stdperiph/stm32f10x_spi.o
 .debug_aranges
                0x00000388       0x28 ./system/src/newlib/_exit.o
 .debug_aranges
                0x000003b0       0x20 ./system/src/newlib/_sbrk.o
 .debug_aranges
                0x000003d0       0x40 ./system/src/newlib/_startup.o
 .debug_aranges
                0x00000410       0xd0 ./system/src/newlib/_syscalls.o
 .debug_aranges
                0x000004e0       0x20 ./system/src/newlib/_write.o
 .debug_aranges
                0x00000500       0x28 ./system/src/newlib/assert.o
 .debug_aranges
                0x00000528       0x38 ./system/src/diag/Trace.o
 .debug_aranges
                0x00000560       0x30 ./system/src/diag/trace_impl.o
 .debug_aranges
                0x00000590       0x20 ./system/src/cortexm/_initialize_hardware.o
 .debug_aranges
                0x000005b0       0x68 ./system/src/cortexm/exception_handlers.o
 .debug_aranges
                0x00000618       0x38 ./system/src/cmsis/system_stm32f10x.o
 .debug_aranges
                0x00000650       0x20 ./system/src/cmsis/vectors_stm32f10x.o
 .debug_aranges
                0x00000670       0x38 ./src/Timer.o
 .debug_aranges
                0x000006a8       0x58 ./src/main.o
 .debug_aranges
                0x00000700      0x238 ./Libraries/Ethernet/src/EtherShield.o
 .debug_aranges
                0x00000938       0x58 ./Libraries/Ethernet/src/dhcp.o
 .debug_aranges
                0x00000990       0x48 ./Libraries/Ethernet/src/dnslkup.o
 .debug_aranges
                0x000009d8       0xe8 ./Libraries/Ethernet/src/enc28j60.o
 .debug_aranges
                0x00000ac0      0x180 ./Libraries/Ethernet/src/ip_arp_udp_tcp.o
 .debug_aranges
                0x00000c40       0x40 ./Libraries/Delay/Delay.o

.debug_pubnames
 *(.debug_pubnames)

.debug_info     0x00000000     0xce33
 *(.debug_info .gnu.linkonce.wi.*)
 .debug_info    0x00000000      0xbf0 ./system/src/stm32f1-stdperiph/stm32f10x_flash.o
 .debug_info    0x00000bf0      0xc00 ./system/src/stm32f1-stdperiph/stm32f10x_gpio.o
 .debug_info    0x000017f0      0xc97 ./system/src/stm32f1-stdperiph/stm32f10x_rcc.o
 .debug_info    0x00002487      0xff5 ./system/src/stm32f1-stdperiph/stm32f10x_spi.o
 .debug_info    0x0000347c      0x100 ./system/src/newlib/_exit.o
 .debug_info    0x0000357c      0x125 ./system/src/newlib/_sbrk.o
 .debug_info    0x000036a1      0x469 ./system/src/newlib/_startup.o
 .debug_info    0x00003b0a      0x8f3 ./system/src/newlib/_syscalls.o
 .debug_info    0x000043fd      0x147 ./system/src/newlib/_write.o
 .debug_info    0x00004544      0x1cd ./system/src/newlib/assert.o
 .debug_info    0x00004711      0x325 ./system/src/diag/Trace.o
 .debug_info    0x00004a36      0x3fe ./system/src/diag/trace_impl.o
 .debug_info    0x00004e34       0xc4 ./system/src/cortexm/_initialize_hardware.o
 .debug_info    0x00004ef8       0xe9 ./system/src/cortexm/exception_handlers.o
 .debug_info    0x00004fe1      0x4a0 ./system/src/cmsis/system_stm32f10x.o
 .debug_info    0x00005481       0x92 ./system/src/cmsis/vectors_stm32f10x.o
 .debug_info    0x00005513      0x63f ./src/Timer.o
 .debug_info    0x00005b52     0x17d6 ./src/main.o
 .debug_info    0x00007328     0x1ecb ./Libraries/Ethernet/src/EtherShield.o
 .debug_info    0x000091f3      0x951 ./Libraries/Ethernet/src/dhcp.o
 .debug_info    0x00009b44      0x2f3 ./Libraries/Ethernet/src/dnslkup.o
 .debug_info    0x00009e37     0x13f1 ./Libraries/Ethernet/src/enc28j60.o
 .debug_info    0x0000b228     0x1aa6 ./Libraries/Ethernet/src/ip_arp_udp_tcp.o
 .debug_info    0x0000ccce      0x165 ./Libraries/Delay/Delay.o

.debug_abbrev   0x00000000     0x26a3
 *(.debug_abbrev)
 .debug_abbrev  0x00000000      0x1c6 ./system/src/stm32f1-stdperiph/stm32f10x_flash.o
 .debug_abbrev  0x000001c6      0x1f9 ./system/src/stm32f1-stdperiph/stm32f10x_gpio.o
 .debug_abbrev  0x000003bf      0x1ff ./system/src/stm32f1-stdperiph/stm32f10x_rcc.o
 .debug_abbrev  0x000005be      0x1d8 ./system/src/stm32f1-stdperiph/stm32f10x_spi.o
 .debug_abbrev  0x00000796       0xa4 ./system/src/newlib/_exit.o
 .debug_abbrev  0x0000083a       0xbb ./system/src/newlib/_sbrk.o
 .debug_abbrev  0x000008f5      0x1da ./system/src/newlib/_startup.o
 .debug_abbrev  0x00000acf      0x178 ./system/src/newlib/_syscalls.o
 .debug_abbrev  0x00000c47       0xd7 ./system/src/newlib/_write.o
 .debug_abbrev  0x00000d1e       0xc9 ./system/src/newlib/assert.o
 .debug_abbrev  0x00000de7      0x178 ./system/src/diag/Trace.o
 .debug_abbrev  0x00000f5f      0x188 ./system/src/diag/trace_impl.o
 .debug_abbrev  0x000010e7       0x88 ./system/src/cortexm/_initialize_hardware.o
 .debug_abbrev  0x0000116f       0x65 ./system/src/cortexm/exception_handlers.o
 .debug_abbrev  0x000011d4      0x157 ./system/src/cmsis/system_stm32f10x.o
 .debug_abbrev  0x0000132b       0x92 ./system/src/cmsis/vectors_stm32f10x.o
 .debug_abbrev  0x000013bd      0x1b5 ./src/Timer.o
 .debug_abbrev  0x00001572      0x450 ./src/main.o
 .debug_abbrev  0x000019c2      0x2c4 ./Libraries/Ethernet/src/EtherShield.o
 .debug_abbrev  0x00001c86      0x275 ./Libraries/Ethernet/src/dhcp.o
 .debug_abbrev  0x00001efb      0x18f ./Libraries/Ethernet/src/dnslkup.o
 .debug_abbrev  0x0000208a      0x27e ./Libraries/Ethernet/src/enc28j60.o
 .debug_abbrev  0x00002308      0x2ce ./Libraries/Ethernet/src/ip_arp_udp_tcp.o
 .debug_abbrev  0x000025d6       0xcd ./Libraries/Delay/Delay.o

.debug_line     0x00000000     0x87c0
 *(.debug_line)
 .debug_line    0x00000000      0x7cb ./system/src/stm32f1-stdperiph/stm32f10x_flash.o
 .debug_line    0x000007cb      0x722 ./system/src/stm32f1-stdperiph/stm32f10x_gpio.o
 .debug_line    0x00000eed      0x846 ./system/src/stm32f1-stdperiph/stm32f10x_rcc.o
 .debug_line    0x00001733      0x817 ./system/src/stm32f1-stdperiph/stm32f10x_spi.o
 .debug_line    0x00001f4a      0x2da ./system/src/newlib/_exit.o
 .debug_line    0x00002224      0x28c ./system/src/newlib/_sbrk.o
 .debug_line    0x000024b0      0x34f ./system/src/newlib/_startup.o
 .debug_line    0x000027ff      0x501 ./system/src/newlib/_syscalls.o
 .debug_line    0x00002d00      0x2c0 ./system/src/newlib/_write.o
 .debug_line    0x00002fc0      0x311 ./system/src/newlib/assert.o
 .debug_line    0x000032d1      0x3b2 ./system/src/diag/Trace.o
 .debug_line    0x00003683      0x56f ./system/src/diag/trace_impl.o
 .debug_line    0x00003bf2      0x491 ./system/src/cortexm/_initialize_hardware.o
 .debug_line    0x00004083       0x9f ./system/src/cortexm/exception_handlers.o
 .debug_line    0x00004122      0x505 ./system/src/cmsis/system_stm32f10x.o
 .debug_line    0x00004627       0x89 ./system/src/cmsis/vectors_stm32f10x.o
 .debug_line    0x000046b0      0x4f9 ./src/Timer.o
 .debug_line    0x00004ba9      0x761 ./src/main.o
 .debug_line    0x0000530a      0xc24 ./Libraries/Ethernet/src/EtherShield.o
 .debug_line    0x00005f2e      0x820 ./Libraries/Ethernet/src/dhcp.o
 .debug_line    0x0000674e      0x715 ./Libraries/Ethernet/src/dnslkup.o
 .debug_line    0x00006e63      0x78e ./Libraries/Ethernet/src/enc28j60.o
 .debug_line    0x000075f1      0xd01 ./Libraries/Ethernet/src/ip_arp_udp_tcp.o
 .debug_line    0x000082f2      0x4ce ./Libraries/Delay/Delay.o

.debug_frame    0x00000000     0x2834
 *(.debug_frame)
 .debug_frame   0x00000000      0x280 ./system/src/stm32f1-stdperiph/stm32f10x_flash.o
 .debug_frame   0x00000280      0x1e8 ./system/src/stm32f1-stdperiph/stm32f10x_gpio.o
 .debug_frame   0x00000468      0x318 ./system/src/stm32f1-stdperiph/stm32f10x_rcc.o
 .debug_frame   0x00000780      0x278 ./system/src/stm32f1-stdperiph/stm32f10x_spi.o
 .debug_frame   0x000009f8       0x38 ./system/src/newlib/_exit.o
 .debug_frame   0x00000a30       0x28 ./system/src/newlib/_sbrk.o
 .debug_frame   0x00000a58       0x80 ./system/src/newlib/_startup.o
 .debug_frame   0x00000ad8      0x230 ./system/src/newlib/_syscalls.o
 .debug_frame   0x00000d08       0x28 ./system/src/newlib/_write.o
 .debug_frame   0x00000d30       0x40 ./system/src/newlib/assert.o
 .debug_frame   0x00000d70       0x84 ./system/src/diag/Trace.o
 .debug_frame   0x00000df4       0x50 ./system/src/diag/trace_impl.o
 .debug_frame   0x00000e44       0x28 ./system/src/cortexm/_initialize_hardware.o
 .debug_frame   0x00000e6c       0xb8 ./system/src/cortexm/exception_handlers.o
 .debug_frame   0x00000f24       0x64 ./system/src/cmsis/system_stm32f10x.o
 .debug_frame   0x00000f88       0x20 ./system/src/cmsis/vectors_stm32f10x.o
 .debug_frame   0x00000fa8       0x58 ./src/Timer.o
 .debug_frame   0x00001000       0xc0 ./src/main.o
 .debug_frame   0x000010c0      0x6b0 ./Libraries/Ethernet/src/EtherShield.o
 .debug_frame   0x00001770       0xec ./Libraries/Ethernet/src/dhcp.o
 .debug_frame   0x0000185c       0x88 ./Libraries/Ethernet/src/dnslkup.o
 .debug_frame   0x000018e4      0x2c0 ./Libraries/Ethernet/src/enc28j60.o
 .debug_frame   0x00001ba4      0x46c ./Libraries/Ethernet/src/ip_arp_udp_tcp.o
 .debug_frame   0x00002010       0x68 ./Libraries/Delay/Delay.o
 .debug_frame   0x00002078       0x20 /home/thanhtruong/workspace/toolchain/gcc-arm-none-eabi-4_8-2014q2/bin/../lib/gcc/arm-none-eabi/4.8.4/../../../../arm-none-eabi/lib/armv7-m/libg_s.a(lib_a-errno.o)
 .debug_frame   0x00002098       0x54 /home/thanhtruong/workspace/toolchain/gcc-arm-none-eabi-4_8-2014q2/bin/../lib/gcc/arm-none-eabi/4.8.4/../../../../arm-none-eabi/lib/armv7-m/libg_s.a(lib_a-fwrite.o)
 .debug_frame   0x000020ec       0x20 /home/thanhtruong/workspace/toolchain/gcc-arm-none-eabi-4_8-2014q2/bin/../lib/gcc/arm-none-eabi/4.8.4/../../../../arm-none-eabi/lib/armv7-m/libg_s.a(lib_a-memset.o)
 .debug_frame   0x0000210c       0x3c /home/thanhtruong/workspace/toolchain/gcc-arm-none-eabi-4_8-2014q2/bin/../lib/gcc/arm-none-eabi/4.8.4/../../../../arm-none-eabi/lib/armv7-m/libg_s.a(lib_a-puts.o)
 .debug_frame   0x00002148       0x44 /home/thanhtruong/workspace/toolchain/gcc-arm-none-eabi-4_8-2014q2/bin/../lib/gcc/arm-none-eabi/4.8.4/../../../../arm-none-eabi/lib/armv7-m/libg_s.a(lib_a-rand.o)
 .debug_frame   0x0000218c       0x20 /home/thanhtruong/workspace/toolchain/gcc-arm-none-eabi-4_8-2014q2/bin/../lib/gcc/arm-none-eabi/4.8.4/../../../../arm-none-eabi/lib/armv7-m/libg_s.a(lib_a-strlen.o)
 .debug_frame   0x000021ac       0x2c /home/thanhtruong/workspace/toolchain/gcc-arm-none-eabi-4_8-2014q2/bin/../lib/gcc/arm-none-eabi/4.8.4/../../../../arm-none-eabi/lib/armv7-m/libg_s.a(lib_a-strncmp.o)
 .debug_frame   0x000021d8       0x88 /home/thanhtruong/workspace/toolchain/gcc-arm-none-eabi-4_8-2014q2/bin/../lib/gcc/arm-none-eabi/4.8.4/../../../../arm-none-eabi/lib/armv7-m/libg_s.a(lib_a-svfprintf.o)
 .debug_frame   0x00002260       0x60 /home/thanhtruong/workspace/toolchain/gcc-arm-none-eabi-4_8-2014q2/bin/../lib/gcc/arm-none-eabi/4.8.4/../../../../arm-none-eabi/lib/armv7-m/libg_s.a(lib_a-vfprintf_i.o)
 .debug_frame   0x000022c0       0x4c /home/thanhtruong/workspace/toolchain/gcc-arm-none-eabi-4_8-2014q2/bin/../lib/gcc/arm-none-eabi/4.8.4/../../../../arm-none-eabi/lib/armv7-m/libg_s.a(lib_a-vsnprintf.o)
 .debug_frame   0x0000230c       0x3c /home/thanhtruong/workspace/toolchain/gcc-arm-none-eabi-4_8-2014q2/bin/../lib/gcc/arm-none-eabi/4.8.4/../../../../arm-none-eabi/lib/armv7-m/libg_s.a(lib_a-wbuf.o)
 .debug_frame   0x00002348       0x2c /home/thanhtruong/workspace/toolchain/gcc-arm-none-eabi-4_8-2014q2/bin/../lib/gcc/arm-none-eabi/4.8.4/../../../../arm-none-eabi/lib/armv7-m/libg_s.a(lib_a-wsetup.o)
 .debug_frame   0x00002374       0x5c /home/thanhtruong/workspace/toolchain/gcc-arm-none-eabi-4_8-2014q2/bin/../lib/gcc/arm-none-eabi/4.8.4/../../../../arm-none-eabi/lib/armv7-m/libg_s.a(lib_a-fflush.o)
 .debug_frame   0x000023d0      0x12c /home/thanhtruong/workspace/toolchain/gcc-arm-none-eabi-4_8-2014q2/bin/../lib/gcc/arm-none-eabi/4.8.4/../../../../arm-none-eabi/lib/armv7-m/libg_s.a(lib_a-findfp.o)
 .debug_frame   0x000024fc       0x30 /home/thanhtruong/workspace/toolchain/gcc-arm-none-eabi-4_8-2014q2/bin/../lib/gcc/arm-none-eabi/4.8.4/../../../../arm-none-eabi/lib/armv7-m/libg_s.a(lib_a-makebuf.o)
 .debug_frame   0x0000252c       0x30 /home/thanhtruong/workspace/toolchain/gcc-arm-none-eabi-4_8-2014q2/bin/../lib/gcc/arm-none-eabi/4.8.4/../../../../arm-none-eabi/lib/armv7-m/libg_s.a(lib_a-malloc.o)
 .debug_frame   0x0000255c       0x28 /home/thanhtruong/workspace/toolchain/gcc-arm-none-eabi-4_8-2014q2/bin/../lib/gcc/arm-none-eabi/4.8.4/../../../../arm-none-eabi/lib/armv7-m/libg_s.a(lib_a-memchr-stub.o)
 .debug_frame   0x00002584       0x28 /home/thanhtruong/workspace/toolchain/gcc-arm-none-eabi-4_8-2014q2/bin/../lib/gcc/arm-none-eabi/4.8.4/../../../../arm-none-eabi/lib/armv7-m/libg_s.a(lib_a-memcpy-stub.o)
 .debug_frame   0x000025ac       0x2c /home/thanhtruong/workspace/toolchain/gcc-arm-none-eabi-4_8-2014q2/bin/../lib/gcc/arm-none-eabi/4.8.4/../../../../arm-none-eabi/lib/armv7-m/libg_s.a(lib_a-memmove.o)
 .debug_frame   0x000025d8       0x2c /home/thanhtruong/workspace/toolchain/gcc-arm-none-eabi-4_8-2014q2/bin/../lib/gcc/arm-none-eabi/4.8.4/../../../../arm-none-eabi/lib/armv7-m/libg_s.a(lib_a-nano-freer.o)
 .debug_frame   0x00002604       0x2c /home/thanhtruong/workspace/toolchain/gcc-arm-none-eabi-4_8-2014q2/bin/../lib/gcc/arm-none-eabi/4.8.4/../../../../arm-none-eabi/lib/armv7-m/libg_s.a(lib_a-nano-mallocr.o)
 .debug_frame   0x00002630       0x30 /home/thanhtruong/workspace/toolchain/gcc-arm-none-eabi-4_8-2014q2/bin/../lib/gcc/arm-none-eabi/4.8.4/../../../../arm-none-eabi/lib/armv7-m/libg_s.a(lib_a-nano-reallocr.o)
 .debug_frame   0x00002660       0x2c /home/thanhtruong/workspace/toolchain/gcc-arm-none-eabi-4_8-2014q2/bin/../lib/gcc/arm-none-eabi/4.8.4/../../../../arm-none-eabi/lib/armv7-m/libg_s.a(lib_a-sbrkr.o)
 .debug_frame   0x0000268c       0x80 /home/thanhtruong/workspace/toolchain/gcc-arm-none-eabi-4_8-2014q2/bin/../lib/gcc/arm-none-eabi/4.8.4/../../../../arm-none-eabi/lib/armv7-m/libg_s.a(lib_a-stdio.o)
 .debug_frame   0x0000270c       0x2c /home/thanhtruong/workspace/toolchain/gcc-arm-none-eabi-4_8-2014q2/bin/../lib/gcc/arm-none-eabi/4.8.4/../../../../arm-none-eabi/lib/armv7-m/libg_s.a(lib_a-writer.o)
 .debug_frame   0x00002738       0x2c /home/thanhtruong/workspace/toolchain/gcc-arm-none-eabi-4_8-2014q2/bin/../lib/gcc/arm-none-eabi/4.8.4/../../../../arm-none-eabi/lib/armv7-m/libg_s.a(lib_a-closer.o)
 .debug_frame   0x00002764       0x2c /home/thanhtruong/workspace/toolchain/gcc-arm-none-eabi-4_8-2014q2/bin/../lib/gcc/arm-none-eabi/4.8.4/../../../../arm-none-eabi/lib/armv7-m/libg_s.a(lib_a-fstatr.o)
 .debug_frame   0x00002790       0x2c /home/thanhtruong/workspace/toolchain/gcc-arm-none-eabi-4_8-2014q2/bin/../lib/gcc/arm-none-eabi/4.8.4/../../../../arm-none-eabi/lib/armv7-m/libg_s.a(lib_a-isattyr.o)
 .debug_frame   0x000027bc       0x2c /home/thanhtruong/workspace/toolchain/gcc-arm-none-eabi-4_8-2014q2/bin/../lib/gcc/arm-none-eabi/4.8.4/../../../../arm-none-eabi/lib/armv7-m/libg_s.a(lib_a-lseekr.o)
 .debug_frame   0x000027e8       0x20 /home/thanhtruong/workspace/toolchain/gcc-arm-none-eabi-4_8-2014q2/bin/../lib/gcc/arm-none-eabi/4.8.4/../../../../arm-none-eabi/lib/armv7-m/libg_s.a(lib_a-nano-msizer.o)
 .debug_frame   0x00002808       0x2c /home/thanhtruong/workspace/toolchain/gcc-arm-none-eabi-4_8-2014q2/bin/../lib/gcc/arm-none-eabi/4.8.4/../../../../arm-none-eabi/lib/armv7-m/libg_s.a(lib_a-readr.o)

.debug_str      0x00000000    0x598b1
 *(.debug_str)
 .debug_str     0x00000000    0x4e521 ./system/src/stm32f1-stdperiph/stm32f10x_flash.o
                              0x4e6b2 (size before relaxing)
 .debug_str     0x0004e521      0x5cd ./system/src/stm32f1-stdperiph/stm32f10x_gpio.o
                              0x4e457 (size before relaxing)
 .debug_str     0x0004eaee      0xb45 ./system/src/stm32f1-stdperiph/stm32f10x_rcc.o
                              0x4ea26 (size before relaxing)
 .debug_str     0x0004f633      0x61f ./system/src/stm32f1-stdperiph/stm32f10x_spi.o
                              0x4e580 (size before relaxing)
 .debug_str     0x0004fc52     0x27fe ./system/src/newlib/_exit.o
                               0x4ed2 (size before relaxing)
 .debug_str     0x00052450      0x4de ./system/src/newlib/_sbrk.o
                               0x4488 (size before relaxing)
 .debug_str     0x0005292e      0x241 ./system/src/newlib/_startup.o
                               0x3ef8 (size before relaxing)
 .debug_str     0x00052b6f      0xe31 ./system/src/newlib/_syscalls.o
                               0x5347 (size before relaxing)
 .debug_str     0x000539a0       0x39 ./system/src/newlib/_write.o
                               0x5268 (size before relaxing)
 .debug_str     0x000539d9       0xd0 ./system/src/newlib/assert.o
                               0x5895 (size before relaxing)
 .debug_str     0x00053aa9     0x176d ./system/src/diag/Trace.o
                               0x65b9 (size before relaxing)
 .debug_str     0x00055216       0xd1 ./system/src/diag/trace_impl.o
                              0x4fae2 (size before relaxing)
 .debug_str     0x000552e7       0x38 ./system/src/cortexm/_initialize_hardware.o
                              0x4de70 (size before relaxing)
 .debug_str     0x0005531f       0xe8 ./system/src/cortexm/exception_handlers.o
                               0x2514 (size before relaxing)
 .debug_str     0x00055407       0xec ./system/src/cmsis/system_stm32f10x.o
                              0x4dfeb (size before relaxing)
 .debug_str     0x000554f3       0x57 ./system/src/cmsis/vectors_stm32f10x.o
                               0x24b1 (size before relaxing)
 .debug_str     0x0005554a      0x3c2 ./src/Timer.o
                              0x4e2d4 (size before relaxing)
 .debug_str     0x0005590c     0x2b2d ./src/main.o
                              0x53f56 (size before relaxing)
 .debug_str     0x00058439      0xbbf ./Libraries/Ethernet/src/EtherShield.o
                              0x54676 (size before relaxing)
 .debug_str     0x00058ff8      0x207 ./Libraries/Ethernet/src/dhcp.o
                              0x529f6 (size before relaxing)
 .debug_str     0x000591ff       0x81 ./Libraries/Ethernet/src/dnslkup.o
                              0x51912 (size before relaxing)
 .debug_str     0x00059280      0x14f ./Libraries/Ethernet/src/enc28j60.o
                              0x4f2df (size before relaxing)
 .debug_str     0x000593cf      0x482 ./Libraries/Ethernet/src/ip_arp_udp_tcp.o
                              0x52ea2 (size before relaxing)
 .debug_str     0x00059851       0x60 ./Libraries/Delay/Delay.o
                              0x4dea3 (size before relaxing)

.debug_loc      0x00000000     0x6bbb
 *(.debug_loc)
 .debug_loc     0x00000000      0x77f ./system/src/stm32f1-stdperiph/stm32f10x_flash.o
 .debug_loc     0x0000077f      0x7ac ./system/src/stm32f1-stdperiph/stm32f10x_gpio.o
 .debug_loc     0x00000f2b      0x9cc ./system/src/stm32f1-stdperiph/stm32f10x_rcc.o
 .debug_loc     0x000018f7      0x94e ./system/src/stm32f1-stdperiph/stm32f10x_spi.o
 .debug_loc     0x00002245       0x6b ./system/src/newlib/_sbrk.o
 .debug_loc     0x000022b0      0x265 ./system/src/newlib/_startup.o
 .debug_loc     0x00002515      0x549 ./system/src/newlib/_syscalls.o
 .debug_loc     0x00002a5e       0xad ./system/src/newlib/_write.o
 .debug_loc     0x00002b0b      0x102 ./system/src/newlib/assert.o
 .debug_loc     0x00002c0d       0xf7 ./system/src/diag/Trace.o
 .debug_loc     0x00002d04       0x97 ./system/src/diag/trace_impl.o
 .debug_loc     0x00002d9b       0xe4 ./system/src/cmsis/system_stm32f10x.o
 .debug_loc     0x00002e7f       0x59 ./src/Timer.o
 .debug_loc     0x00002ed8      0x208 ./src/main.o
 .debug_loc     0x000030e0     0x11c1 ./Libraries/Ethernet/src/EtherShield.o
 .debug_loc     0x000042a1      0x619 ./Libraries/Ethernet/src/dhcp.o
 .debug_loc     0x000048ba      0x4a6 ./Libraries/Ethernet/src/dnslkup.o
 .debug_loc     0x00004d60      0x465 ./Libraries/Ethernet/src/enc28j60.o
 .debug_loc     0x000051c5     0x19d7 ./Libraries/Ethernet/src/ip_arp_udp_tcp.o
 .debug_loc     0x00006b9c       0x1f ./Libraries/Delay/Delay.o

.debug_macinfo
 *(.debug_macinfo)

.debug_weaknames
 *(.debug_weaknames)

.debug_funcnames
 *(.debug_funcnames)

.debug_typenames
 *(.debug_typenames)

.debug_varnames
 *(.debug_varnames)
OUTPUT(STM32F103_ENC28J60.elf elf32-littlearm)

.debug_ranges   0x00000000      0xb38
 .debug_ranges  0x00000000       0xe8 ./system/src/stm32f1-stdperiph/stm32f10x_flash.o
 .debug_ranges  0x000000e8       0x98 ./system/src/stm32f1-stdperiph/stm32f10x_gpio.o
 .debug_ranges  0x00000180      0x108 ./system/src/stm32f1-stdperiph/stm32f10x_rcc.o
 .debug_ranges  0x00000288       0xc0 ./system/src/stm32f1-stdperiph/stm32f10x_spi.o
 .debug_ranges  0x00000348       0x18 ./system/src/newlib/_exit.o
 .debug_ranges  0x00000360       0x10 ./system/src/newlib/_sbrk.o
 .debug_ranges  0x00000370       0x48 ./system/src/newlib/_startup.o
 .debug_ranges  0x000003b8       0xc0 ./system/src/newlib/_syscalls.o
 .debug_ranges  0x00000478       0x10 ./system/src/newlib/_write.o
 .debug_ranges  0x00000488       0x18 ./system/src/newlib/assert.o
 .debug_ranges  0x000004a0       0x28 ./system/src/diag/Trace.o
 .debug_ranges  0x000004c8       0x20 ./system/src/diag/trace_impl.o
 .debug_ranges  0x000004e8       0x10 ./system/src/cortexm/_initialize_hardware.o
 .debug_ranges  0x000004f8       0x58 ./system/src/cortexm/exception_handlers.o
 .debug_ranges  0x00000550       0x28 ./system/src/cmsis/system_stm32f10x.o
 .debug_ranges  0x00000578       0x10 ./system/src/cmsis/vectors_stm32f10x.o
 .debug_ranges  0x00000588       0x28 ./src/Timer.o
 .debug_ranges  0x000005b0       0x48 ./src/main.o
 .debug_ranges  0x000005f8      0x248 ./Libraries/Ethernet/src/EtherShield.o
 .debug_ranges  0x00000840       0x48 ./Libraries/Ethernet/src/dhcp.o
 .debug_ranges  0x00000888       0x38 ./Libraries/Ethernet/src/dnslkup.o
 .debug_ranges  0x000008c0       0xd8 ./Libraries/Ethernet/src/enc28j60.o
 .debug_ranges  0x00000998      0x170 ./Libraries/Ethernet/src/ip_arp_udp_tcp.o
 .debug_ranges  0x00000b08       0x30 ./Libraries/Delay/Delay.o

.debug_macro    0x00000000     0x5acf
 .debug_macro   0x00000000      0x222 ./system/src/stm32f1-stdperiph/stm32f10x_flash.o
 .debug_macro   0x00000222      0x2c9 ./system/src/stm32f1-stdperiph/stm32f10x_flash.o
 .debug_macro   0x000004eb      0x1c8 ./system/src/stm32f1-stdperiph/stm32f10x_gpio.o
 .debug_macro   0x000006b3      0x2a6 ./system/src/stm32f1-stdperiph/stm32f10x_gpio.o
 .debug_macro   0x00000959      0x296 ./system/src/stm32f1-stdperiph/stm32f10x_rcc.o
 .debug_macro   0x00000bef      0x3dc ./system/src/stm32f1-stdperiph/stm32f10x_rcc.o
 .debug_macro   0x00000fcb      0x1e0 ./system/src/stm32f1-stdperiph/stm32f10x_spi.o
 .debug_macro   0x000011ab      0x2be ./system/src/stm32f1-stdperiph/stm32f10x_spi.o
 .debug_macro   0x00001469      0x11b ./system/src/newlib/_exit.o
 .debug_macro   0x00001584       0xa3 ./system/src/newlib/_exit.o
 .debug_macro   0x00001627      0x10e ./system/src/newlib/_exit.o
 .debug_macro   0x00001735       0x86 ./system/src/newlib/_exit.o
 .debug_macro   0x000017bb       0x43 ./system/src/newlib/_exit.o
 .debug_macro   0x000017fe       0x10 ./system/src/newlib/_exit.o
 .debug_macro   0x0000180e       0x35 ./system/src/newlib/_exit.o
 .debug_macro   0x00001843       0xd1 ./system/src/newlib/_sbrk.o
 .debug_macro   0x00001914       0x19 ./system/src/newlib/_sbrk.o
 .debug_macro   0x0000192d      0x16d ./system/src/newlib/_sbrk.o
 .debug_macro   0x00001a9a       0x10 ./system/src/newlib/_sbrk.o
 .debug_macro   0x00001aaa      0x23b ./system/src/newlib/_sbrk.o
 .debug_macro   0x00001ce5       0xe7 ./system/src/newlib/_startup.o
 .debug_macro   0x00001dcc      0x169 ./system/src/newlib/_syscalls.o
 .debug_macro   0x00001f35       0x1c ./system/src/newlib/_syscalls.o
 .debug_macro   0x00001f51       0x10 ./system/src/newlib/_syscalls.o
 .debug_macro   0x00001f61       0x10 ./system/src/newlib/_syscalls.o
 .debug_macro   0x00001f71       0x10 ./system/src/newlib/_syscalls.o
 .debug_macro   0x00001f81       0x35 ./system/src/newlib/_syscalls.o
 .debug_macro   0x00001fb6      0x120 ./system/src/newlib/_syscalls.o
 .debug_macro   0x000020d6       0x22 ./system/src/newlib/_syscalls.o
 .debug_macro   0x000020f8       0x2b ./system/src/newlib/_syscalls.o
 .debug_macro   0x00002123      0x118 ./system/src/newlib/_syscalls.o
 .debug_macro   0x0000223b      0x13a ./system/src/newlib/_syscalls.o
 .debug_macro   0x00002375       0x16 ./system/src/newlib/_syscalls.o
 .debug_macro   0x0000238b       0xfb ./system/src/newlib/_write.o
 .debug_macro   0x00002486      0x137 ./system/src/newlib/assert.o
 .debug_macro   0x000025bd       0x1c ./system/src/newlib/assert.o
 .debug_macro   0x000025d9      0x20f ./system/src/newlib/assert.o
 .debug_macro   0x000027e8      0x15a ./system/src/diag/Trace.o
 .debug_macro   0x00002942       0x16 ./system/src/diag/Trace.o
 .debug_macro   0x00002958       0x97 ./system/src/diag/Trace.o
 .debug_macro   0x000029ef       0x10 ./system/src/diag/Trace.o
 .debug_macro   0x000029ff       0xf6 ./system/src/diag/Trace.o
 .debug_macro   0x00002af5       0x16 ./system/src/diag/Trace.o
 .debug_macro   0x00002b0b      0x16c ./system/src/diag/Trace.o
 .debug_macro   0x00002c77       0x52 ./system/src/diag/Trace.o
 .debug_macro   0x00002cc9      0x283 ./system/src/diag/Trace.o
 .debug_macro   0x00002f4c       0x10 ./system/src/diag/Trace.o
 .debug_macro   0x00002f5c       0x1f ./system/src/diag/Trace.o
 .debug_macro   0x00002f7b      0x234 ./system/src/diag/trace_impl.o
 .debug_macro   0x000031af      0x17a ./system/src/cortexm/_initialize_hardware.o
 .debug_macro   0x00003329       0x1b ./system/src/cortexm/exception_handlers.o
 .debug_macro   0x00003344      0x17d ./system/src/cmsis/system_stm32f10x.o
 .debug_macro   0x000034c1       0x1b ./system/src/cmsis/vectors_stm32f10x.o
 .debug_macro   0x000034dc      0x194 ./src/Timer.o
 .debug_macro   0x00003670      0x2cf ./src/main.o
 .debug_macro   0x0000393f       0x1c ./src/main.o
 .debug_macro   0x0000395b       0x10 ./src/main.o
 .debug_macro   0x0000396b      0x452 ./src/main.o
 .debug_macro   0x00003dbd       0x46 ./src/main.o
 .debug_macro   0x00003e03      0x4ee ./src/main.o
 .debug_macro   0x000042f1       0x1c ./src/main.o
 .debug_macro   0x0000430d      0x2bc ./src/main.o
 .debug_macro   0x000045c9      0x33b ./Libraries/Ethernet/src/EtherShield.o
 .debug_macro   0x00004904       0x40 ./Libraries/Ethernet/src/EtherShield.o